Component: ARM Compiler 5.06 update 6 (build 750) Tool: armlink [4d35ed]

==============================================================================

Section Cross References

    startup_stm32f10x_hd.o(RESET) refers to startup_stm32f10x_hd.o(STACK) for __initial_sp
    startup_stm32f10x_hd.o(RESET) refers to startup_stm32f10x_hd.o(.text) for Reset_Handler
    startup_stm32f10x_hd.o(RESET) refers to port.o(.emb_text) for vPortSVCHandler
    startup_stm32f10x_hd.o(RESET) refers to port.o(i.xPortSysTickHandler) for xPortSysTickHandler
    startup_stm32f10x_hd.o(RESET) refers to bsp_can.o(i.USB_LP_CAN1_RX0_IRQHandler) for USB_LP_CAN1_RX0_IRQHandler
    startup_stm32f10x_hd.o(RESET) refers to bsp_usart.o(i.USART1_IRQHandler) for USART1_IRQHandler
    startup_stm32f10x_hd.o(RESET) refers to bsp_usart.o(i.USART2_IRQHandler) for USART2_IRQHandler
    startup_stm32f10x_hd.o(RESET) refers to bsp_usart.o(i.USART3_IRQHandler) for USART3_IRQHandler
    startup_stm32f10x_hd.o(RESET) refers to bsp_timer.o(i.TIM7_IRQHandler) for TIM7_IRQHandler
    startup_stm32f10x_hd.o(.text) refers to system_stm32f10x.o(i.SystemInit) for SystemInit
    startup_stm32f10x_hd.o(.text) refers to entry.o(.ARM.Collect$$$$00000000) for __main
    system_stm32f10x.o(i.SetSysClock) refers to system_stm32f10x.o(i.SetSysClockTo72) for SetSysClockTo72
    system_stm32f10x.o(i.SystemCoreClockUpdate) refers to system_stm32f10x.o(.data) for .data
    system_stm32f10x.o(i.SystemInit) refers to system_stm32f10x.o(i.SetSysClock) for SetSysClock
    main.o(i.main) refers to system_stm32f10x.o(i.SystemInit) for SystemInit
    main.o(i.main) refers to bsp.o(i.Bsp_Init) for Bsp_Init
    main.o(i.main) refers to printfa.o(i.__0printf) for __2printf
    main.o(i.main) refers to app.o(i.App_Init) for App_Init
    main.o(i.main) refers to bsp.o(i.delay_ms) for delay_ms
    main.o(i.main) refers to app.o(i.App_Start_FreeRTOS) for App_Start_FreeRTOS
    protocol.o(i.Clear_CMD_Flag) refers to protocol.o(.data) for .data
    protocol.o(i.Clear_CMD_Flag) refers to protocol.o(.bss) for .bss
    protocol.o(i.Clear_RxBuffer) refers to protocol.o(.bss) for .bss
    protocol.o(i.Get_CMD_Flag) refers to protocol.o(.data) for .data
    protocol.o(i.Get_CMD_Length) refers to protocol.o(.data) for .data
    protocol.o(i.Get_Request_Flag) refers to protocol.o(.data) for .data
    protocol.o(i.Get_RxBuffer) refers to protocol.o(.bss) for .bss
    protocol.o(i.Request_Data) refers to app_uart_servo.o(i.UartServo_Clear_Flag) for UartServo_Clear_Flag
    protocol.o(i.Request_Data) refers to app_uart_servo.o(i.UartServo_Set_Read_State) for UartServo_Set_Read_State
    protocol.o(i.Request_Data) refers to app_uart_servo.o(i.UartServo_Get_Angle) for UartServo_Get_Angle
    protocol.o(i.Request_Data) refers to app_uart_servo.o(i.UartServo_Clear_Arm_Read_Vlaue) for UartServo_Clear_Arm_Read_Vlaue
    protocol.o(i.Request_Data) refers to protocol.o(.data) for .data
    protocol.o(i.Send_Request_Data) refers to app_uart_servo.o(i.UartServo_Get_Read_State) for UartServo_Get_Read_State
    protocol.o(i.Send_Request_Data) refers to app_uart_servo.o(i.UartServo_Send_Offset_State) for UartServo_Send_Offset_State
    protocol.o(i.Send_Request_Data) refers to app.o(i.App_Send_Version) for App_Send_Version
    protocol.o(i.Send_Request_Data) refers to app_motion.o(i.Motion_Send_Data) for Motion_Send_Data
    protocol.o(i.Send_Request_Data) refers to app_uart_servo.o(i.UartServo_Rx_Parse) for UartServo_Rx_Parse
    protocol.o(i.Send_Request_Data) refers to app_uart_servo.o(i.UartServo_Send_ARM_Angle_Array) for UartServo_Send_ARM_Angle_Array
    protocol.o(i.Send_Request_Data) refers to app_uart_servo.o(i.UartServo_Get_Angle) for UartServo_Get_Angle
    protocol.o(i.Send_Request_Data) refers to app_pid.o(i.PID_Send_Parm_Active) for PID_Send_Parm_Active
    protocol.o(i.Send_Request_Data) refers to app_ackerman.o(i.Ackerman_Send_Default_Angle) for Ackerman_Send_Default_Angle
    protocol.o(i.Send_Request_Data) refers to app_motion.o(i.Motion_Send_Car_Type) for Motion_Send_Car_Type
    protocol.o(i.Send_Request_Data) refers to protocol.o(.data) for .data
    protocol.o(i.Upper_CAN_Execute_Command) refers to app_motion.o(i.Motion_Set_Car_Type) for Motion_Set_Car_Type
    protocol.o(i.Upper_CAN_Execute_Command) refers to app_uart_servo.o(i.UartServo_Set_Torque) for UartServo_Set_Torque
    protocol.o(i.Upper_CAN_Execute_Command) refers to protocol.o(i.Request_Data) for Request_Data
    protocol.o(i.Upper_CAN_Execute_Command) refers to app.o(i.App_Clear_Yaw) for App_Clear_Yaw
    protocol.o(i.Upper_CAN_Execute_Command) refers to app.o(i.Set_Auto_Report) for Set_Auto_Report
    protocol.o(i.Upper_CAN_Execute_Command) refers to app_flash.o(i.Flash_Set_Auto_Report) for Flash_Set_Auto_Report
    protocol.o(i.Upper_CAN_Execute_Command) refers to bsp_beep.o(i.Beep_On_Time) for Beep_On_Time
[...]
    SSD1306_GotoXY                           0x0800553d   Thumb Code     8  bsp_ssd1306.o(i.SSD1306_GotoXY)
    SSD1306_Init                             0x08005549   Thumb Code   318  bsp_ssd1306.o(i.SSD1306_Init)
    SSD1306_Putc                             0x0800568d   Thumb Code   162  bsp_ssd1306.o(i.SSD1306_Putc)
    SSD1306_Puts                             0x08005735   Thumb Code    40  bsp_ssd1306.o(i.SSD1306_Puts)
    SSD1306_UpdateScreen                     0x0800575d   Thumb Code    64  bsp_ssd1306.o(i.SSD1306_UpdateScreen)
    Send_Request_Data                        0x080057a1   Thumb Code   258  protocol.o(i.Send_Request_Data)
    Set_Auto_Report                          0x0800595d   Thumb Code    18  app.o(i.Set_Auto_Report)
    SysTick_CLKSourceConfig                  0x08005975   Thumb Code    28  misc.o(i.SysTick_CLKSourceConfig)
    SystemInit                               0x08005991   Thumb Code    64  system_stm32f10x.o(i.SystemInit)
    System_Enable                            0x080059e1   Thumb Code     6  app_bat.o(i.System_Enable)
    TIM7_IRQHandler                          0x08005bd1   Thumb Code    34  bsp_timer.o(i.TIM7_IRQHandler)
    TIM7_Init                                0x08005bf9   Thumb Code    86  bsp_timer.o(i.TIM7_Init)
    TIM_ClearFlag                            0x08005c55   Thumb Code     6  stm32f10x_tim.o(i.TIM_ClearFlag)
    TIM_ClearITPendingBit                    0x08005c5b   Thumb Code     6  stm32f10x_tim.o(i.TIM_ClearITPendingBit)
    TIM_Cmd                                  0x08005c61   Thumb Code    24  stm32f10x_tim.o(i.TIM_Cmd)
    TIM_CtrlPWMOutputs                       0x08005c79   Thumb Code    28  stm32f10x_tim.o(i.TIM_CtrlPWMOutputs)
    TIM_DeInit                               0x08005c95   Thumb Code   464  stm32f10x_tim.o(i.TIM_DeInit)
    TIM_EncoderInterfaceConfig               0x08005ea5   Thumb Code    50  stm32f10x_tim.o(i.TIM_EncoderInterfaceConfig)
    TIM_GetITStatus                          0x08005ed7   Thumb Code    24  stm32f10x_tim.o(i.TIM_GetITStatus)
    TIM_ICInit                               0x08005ef1   Thumb Code   122  stm32f10x_tim.o(i.TIM_ICInit)
    TIM_ICStructInit                         0x08005f7d   Thumb Code    16  stm32f10x_tim.o(i.TIM_ICStructInit)
    TIM_ITConfig                             0x08005f8d   Thumb Code    20  stm32f10x_tim.o(i.TIM_ITConfig)
    TIM_OC1Init                              0x08005fa1   Thumb Code   114  stm32f10x_tim.o(i.TIM_OC1Init)
    TIM_OC2Init                              0x08006029   Thumb Code   128  stm32f10x_tim.o(i.TIM_OC2Init)
    TIM_OC3Init                              0x080060b1   Thumb Code   124  stm32f10x_tim.o(i.TIM_OC3Init)
    TIM_OC4Init                              0x08006135   Thumb Code    94  stm32f10x_tim.o(i.TIM_OC4Init)
    TIM_OCStructInit                         0x0800619d   Thumb Code    20  stm32f10x_tim.o(i.TIM_OCStructInit)
    TIM_SetCompare1                          0x080061b1   Thumb Code     4  stm32f10x_tim.o(i.TIM_SetCompare1)
    TIM_SetCompare2                          0x080061b5   Thumb Code     4  stm32f10x_tim.o(i.TIM_SetCompare2)
    TIM_SetCompare3                          0x080061b9   Thumb Code     4  stm32f10x_tim.o(i.TIM_SetCompare3)
    TIM_SetCompare4                          0x080061bd   Thumb Code     6  stm32f10x_tim.o(i.TIM_SetCompare4)
    TIM_SetCounter                           0x080061c3   Thumb Code     4  stm32f10x_tim.o(i.TIM_SetCounter)
    TIM_SetIC1Prescaler                      0x080061c7   Thumb Code    16  stm32f10x_tim.o(i.TIM_SetIC1Prescaler)
    TIM_SetIC2Prescaler                      0x080061d7   Thumb Code    24  stm32f10x_tim.o(i.TIM_SetIC2Prescaler)
    TIM_SetIC3Prescaler                      0x080061ef   Thumb Code    16  stm32f10x_tim.o(i.TIM_SetIC3Prescaler)
    TIM_SetIC4Prescaler                      0x080061ff   Thumb Code    24  stm32f10x_tim.o(i.TIM_SetIC4Prescaler)
    TIM_TimeBaseInit                         0x08006219   Thumb Code   114  stm32f10x_tim.o(i.TIM_TimeBaseInit)
    TIM_TimeBaseStructInit                   0x080062b5   Thumb Code    18  stm32f10x_tim.o(i.TIM_TimeBaseStructInit)
    USART1_IRQHandler                        0x08006325   Thumb Code    36  bsp_usart.o(i.USART1_IRQHandler)
    USART1_Init                              0x0800634d   Thumb Code   170  bsp_usart.o(i.USART1_Init)
    USART1_Send_ArrayU8                      0x08006401   Thumb Code    70  bsp_usart.o(i.USART1_Send_ArrayU8)
    USART2_IRQHandler                        0x08006451   Thumb Code    32  bsp_usart.o(i.USART2_IRQHandler)
    USART2_Init                              0x08006475   Thumb Code   162  bsp_usart.o(i.USART2_Init)
    USART3_IRQHandler                        0x08006521   Thumb Code    36  bsp_usart.o(i.USART3_IRQHandler)
    USART3_Init                              0x08006549   Thumb Code   166  bsp_usart.o(i.USART3_Init)
    USART3_Send_ArrayU8                      0x080065fd   Thumb Code    24  bsp_usart.o(i.USART3_Send_ArrayU8)
    USART3_Send_U8                           0x08006615   Thumb Code    30  bsp_usart.o(i.USART3_Send_U8)
    USART_ClearFlag                          0x08006639   Thumb Code     8  stm32f10x_usart.o(i.USART_ClearFlag)
    USART_Cmd                                0x08006641   Thumb Code    24  stm32f10x_usart.o(i.USART_Cmd)
    USART_DMACmd                             0x08006659   Thumb Code    20  stm32f10x_usart.o(i.USART_DMACmd)
    USART_GetFlagStatus                      0x0800666d   Thumb Code    14  stm32f10x_usart.o(i.USART_GetFlagStatus)
    USART_GetITStatus                        0x0800667b   Thumb Code    64  stm32f10x_usart.o(i.USART_GetITStatus)
    USART_ITConfig                           0x080066bb   Thumb Code    54  stm32f10x_usart.o(i.USART_ITConfig)
    USART_Init                               0x080066f1   Thumb Code   182  stm32f10x_usart.o(i.USART_Init)
    USART_ReceiveData                        0x080067ad   Thumb Code     8  stm32f10x_usart.o(i.USART_ReceiveData)
    USART_SendData                           0x080067b5   Thumb Code     8  stm32f10x_usart.o(i.USART_SendData)
    USB_LP_CAN1_RX0_IRQHandler               0x080067bd   Thumb Code    18  bsp_can.o(i.USB_LP_CAN1_RX0_IRQHandler)
    UartServo_Clear_Arm_Read_Vlaue           0x080067d5   Thumb Code    26  app_uart_servo.o(i.UartServo_Clear_Arm_Read_Vlaue)
    UartServo_Clear_Flag                     0x080067f5   Thumb Code    26  app_uart_servo.o(i.UartServo_Clear_Flag)
    UartServo_Ctrl                           0x08006815   Thumb Code   128  app_uart_servo.o(i.UartServo_Ctrl)
    UartServo_Get_Angle                      0x08006895   Thumb Code    66  app_uart_servo.o(i.UartServo_Get_Angle)
    UartServo_Get_Flag                       0x080068d9   Thumb Code    14  app_uart_servo.o(i.UartServo_Get_Flag)
    UartServo_Get_Median_Offset              0x080068ed   Thumb Code    52  app_uart_servo.o(i.UartServo_Get_Median_Offset)
    UartServo_Get_Read_State                 0x08006925   Thumb Code     6  app_uart_servo.o(i.UartServo_Get_Read_State)
    UartServo_Revice                         0x08006931   Thumb Code    76  app_uart_servo.o(i.UartServo_Revice)
    UartServo_Rx_Parse                       0x08006981   Thumb Code   116  app_uart_servo.o(i.UartServo_Rx_Parse)
    UartServo_Send_ARM_Angle                 0x080069fd   Thumb Code    92  app_uart_servo.o(i.UartServo_Send_ARM_Angle)
    UartServo_Send_ARM_Angle_Array           0x08006a59   Thumb Code   202  app_uart_servo.o(i.UartServo_Send_ARM_Angle_Array)
    UartServo_Send_Offset_State              0x08006b29   Thumb Code    80  app_uart_servo.o(i.UartServo_Send_Offset_State)
    UartServo_Set_ID                         0x08006b79   Thumb Code    72  app_uart_servo.o(i.UartServo_Set_ID)
    UartServo_Set_Median_Value               0x08006bc1   Thumb Code    10  app_uart_servo.o(i.UartServo_Set_Median_Value)
    UartServo_Set_Read_State                 0x08006bd1   Thumb Code     6  app_uart_servo.o(i.UartServo_Set_Read_State)
    UartServo_Set_Snyc_Buffer                0x08006bdd   Thumb Code   116  app_uart_servo.o(i.UartServo_Set_Snyc_Buffer)
    UartServo_Set_Torque                     0x08006c55   Thumb Code    74  app_uart_servo.o(i.UartServo_Set_Torque)
    UartServo_Sync_Write                     0x08006ca1   Thumb Code   356  app_uart_servo.o(i.UartServo_Sync_Write)
    UartServo_Test_Read_State                0x08006e11   Thumb Code     6  app_uart_servo.o(i.UartServo_Test_Read_State)
    UartServo_Verify_Offset                  0x08006e1d   Thumb Code   140  app_uart_servo.o(i.UartServo_Verify_Offset)
    Upper_CAN_Execute_Command                0x08006ea9   Thumb Code   772  protocol.o(i.Upper_CAN_Execute_Command)
    Upper_Data_Parse                         0x080071b1   Thumb Code  1082  protocol.o(i.Upper_Data_Parse)
    Upper_Data_Receive                       0x080075ed   Thumb Code   118  protocol.o(i.Upper_Data_Receive)
    __0printf                                0x0800766d   Thumb Code    22  printfa.o(i.__0printf)
    __1printf                                0x0800766d   Thumb Code     0  printfa.o(i.__0printf)
    __2printf                                0x0800766d   Thumb Code     0  printfa.o(i.__0printf)
    __c89printf                              0x0800766d   Thumb Code     0  printfa.o(i.__0printf)
    printf                                   0x0800766d   Thumb Code     0  printfa.o(i.__0printf)
    __0sprintf                               0x0800768d   Thumb Code    34  printfa.o(i.__0sprintf)
    __1sprintf                               0x0800768d   Thumb Code     0  printfa.o(i.__0sprintf)
    __2sprintf                               0x0800768d   Thumb Code     0  printfa.o(i.__0sprintf)
    __c89sprintf                             0x0800768d   Thumb Code     0  printfa.o(i.__0sprintf)
    sprintf                                  0x0800768d   Thumb Code     0  printfa.o(i.__0sprintf)
    __ARM_fpclassify                         0x080076b5   Thumb Code    40  fpclassify.o(i.__ARM_fpclassify)
    __ARM_fpclassifyf                        0x080076dd   Thumb Code    38  fpclassifyf.o(i.__ARM_fpclassifyf)
    __ieee754_rem_pio2                       0x08007705   Thumb Code   828  rred.o(i.__ieee754_rem_pio2)
    __kernel_poly                            0x08007a8d   Thumb Code   170  poly.o(i.__kernel_poly)
    __kernel_tan                             0x08007b39   Thumb Code   586  tan_i.o(i.__kernel_tan)
    __mathlib_dbl_infnan                     0x08007db5   Thumb Code     6  dunder.o(i.__mathlib_dbl_infnan)
    __mathlib_dbl_infnan2                    0x08007dbb   Thumb Code     4  dunder.o(i.__mathlib_dbl_infnan2)
    __mathlib_dbl_invalid                    0x08007dbf   Thumb Code    12  dunder.o(i.__mathlib_dbl_invalid)
    __mathlib_dbl_underflow                  0x08007dcd   Thumb Code    10  dunder.o(i.__mathlib_dbl_underflow)
    __mathlib_flt_infnan                     0x08007ddd   Thumb Code     6  funder.o(i.__mathlib_flt_infnan)
    __mathlib_flt_underflow                  0x08007de3   Thumb Code    10  funder.o(i.__mathlib_flt_underflow)
    __scatterload_copy                       0x08007ded   Thumb Code    14  handlers.o(i.__scatterload_copy)
    __scatterload_null                       0x08007dfb   Thumb Code     2  handlers.o(i.__scatterload_null)
    __scatterload_zeroinit                   0x08007dfd   Thumb Code    14  handlers.o(i.__scatterload_zeroinit)
    __set_errno                              0x08007e0d   Thumb Code     6  errno.o(i.__set_errno)
    app_rgb_effects_handle                   0x08008935   Thumb Code   140  app_rgb.o(i.app_rgb_effects_handle)
    app_rgb_get_effect                       0x080089c5   Thumb Code     6  app_rgb.o(i.app_rgb_get_effect)
    app_rgb_init                             0x080089d1   Thumb Code    32  app_rgb.o(i.app_rgb_init)
    app_rgb_set_breathing_color              0x08008a71   Thumb Code    10  app_rgb.o(i.app_rgb_set_breathing_color)
    app_rgb_set_effect                       0x08008a81   Thumb Code    18  app_rgb.o(i.app_rgb_set_effect)
    atan                                     0x08008c45   Thumb Code   474  atan.o(i.atan)
    atan2                                    0x08008e65   Thumb Code   346  atan2.o(i.atan2)
    atanf                                    0x08008fe5   Thumb Code   324  atanf.o(i.atanf)
    delay_init                               0x08009161   Thumb Code    24  bsp.o(i.delay_init)
    delay_ms                                 0x0800917d   Thumb Code    36  bsp.o(i.delay_ms)
    fputc                                    0x080091a5   Thumb Code    30  bsp_usart.o(i.fputc)
    get_attitude_angle                       0x080091c9   Thumb Code  1126  app_angle.o(i.get_attitude_angle)
    i2cWrite                                 0x0800963d   Thumb Code    94  bsp_io_i2c.o(i.i2cWrite)
    i2c_scanf_addr                           0x0800969d   Thumb Code    80  bsp_io_i2c.o(i.i2c_scanf_addr)
    main                                     0x08009759   Thumb Code    36  main.o(i.main)
    pvPortMalloc                             0x08009a31   Thumb Code   162  heap_2.o(i.pvPortMalloc)
    pxPortInitialiseStack                    0x08009ad9   Thumb Code    24  port.o(i.pxPortInitialiseStack)
    q_rsqrt                                  0x08009af5   Thumb Code    52  app_angle.o(i.q_rsqrt)
    ssd1306_I2C_Write                        0x08009ba7   Thumb Code    12  bsp_ssd1306.o(i.ssd1306_I2C_Write)
    ssd1306_I2C_WriteMulti                   0x08009bb3   Thumb Code    14  bsp_ssd1306.o(i.ssd1306_I2C_WriteMulti)
    tan                                      0x08009bc1   Thumb Code    90  tan.o(i.tan)
    uxListRemove                             0x08009c25   Thumb Code    38  list.o(i.uxListRemove)
    vListInitialise                          0x08009c4b   Thumb Code    22  list.o(i.vListInitialise)
    vListInitialiseItem                      0x08009c61   Thumb Code     6  list.o(i.vListInitialiseItem)
    vListInsert                              0x08009c67   Thumb Code    48  list.o(i.vListInsert)
    vListInsertEnd                           0x08009c97   Thumb Code    24  list.o(i.vListInsertEnd)
    vPortEnterCritical                       0x08009cb1   Thumb Code    24  port.o(i.vPortEnterCritical)
    vPortExitCritical                        0x08009ccd   Thumb Code    18  port.o(i.vPortExitCritical)
    vPortFree                                0x08009ce5   Thumb Code    58  heap_2.o(i.vPortFree)
    vPortSetupTimerInterrupt                 0x08009d25   Thumb Code    20  port.o(i.vPortSetupTimerInterrupt)
    vTaskDelay                               0x08009d3d   Thumb Code    48  tasks.o(i.vTaskDelay)
    vTaskStartScheduler                      0x08009d71   Thumb Code    64  tasks.o(i.vTaskStartScheduler)
    vTaskSuspendAll                          0x08009dc1   Thumb Code    10  tasks.o(i.vTaskSuspendAll)
    vTaskSwitchContext                       0x08009dd1   Thumb Code    64  tasks.o(i.vTaskSwitchContext)
    vTask_App_Handle                         0x08009e19   Thumb Code    44  app.o(i.vTask_App_Handle)
    vTask_Auto_Report                        0x08009e49   Thumb Code    98  app.o(i.vTask_Auto_Report)
    vTask_Control                            0x08009eb1   Thumb Code    58  app.o(i.vTask_Control)
    vTask_Key                                0x08009eed   Thumb Code   144  app.o(i.vTask_Key)
    vTask_MPU                                0x08009f85   Thumb Code    42  app.o(i.vTask_MPU)
    vTask_OLED                               0x08009fb1   Thumb Code   244  app.o(i.vTask_OLED)
    vTask_Speed                              0x0800a0ad   Thumb Code    26  app.o(i.vTask_Speed)
    xPortStartScheduler                      0x0800a0c9   Thumb Code    38  port.o(i.xPortStartScheduler)
    xPortSysTickHandler                      0x0800a0f9   Thumb Code    38  port.o(i.xPortSysTickHandler)
    xTaskCreate                              0x0800a125   Thumb Code    96  tasks.o(i.xTaskCreate)
    xTaskDelayUntil                          0x0800a185   Thumb Code    84  tasks.o(i.xTaskDelayUntil)
    xTaskGetTickCount                        0x0800a1e1   Thumb Code     6  tasks.o(i.xTaskGetTickCount)
    xTaskIncrementTick                       0x0800a1ed   Thumb Code   176  tasks.o(i.xTaskIncrementTick)
    xTaskResumeAll                           0x0800a2a5   Thumb Code   168  tasks.o(i.xTaskResumeAll)
    RtA                                      0x0800a378   Data           4  app_math.o(.constdata)
    AtR                                      0x0800a37c   Data           4  app_math.o(.constdata)
    Font7x10                                 0x0800a3e0   Data        1900  oled_fonts.o(.constdata)
    __mathlib_zero                           0x0800abe8   Data           8  qnan.o(.constdata)
    Region$$Table$$Base                      0x0800ad18   Number         0  anon$$obj.o(Region$$Table)
    Region$$Table$$Limit                     0x0800ad38   Number         0  anon$$obj.o(Region$$Table)
    RxIndex                                  0x20000000   Data           1  protocol.o(.data)
    RxFlag                                   0x20000001   Data           1  protocol.o(.data)
    g_Request_Flag                           0x20000002   Data           1  protocol.o(.data)
    g_Request_ARM_ID                         0x20000003   Data           1  protocol.o(.data)
    g_Request_Parm                           0x20000004   Data           1  protocol.o(.data)
    New_CMD_flag                             0x20000006   Data           1  protocol.o(.data)
    New_CMD_length                           0x20000007   Data           1  protocol.o(.data)
    g_oled_flag                              0x2000000c   Data           1  app.o(.data)
    g_oled_count                             0x2000000e   Data           2  app.o(.data)
    g_Auto_Report                            0x20000010   Data           2  app.o(.data)
    RecvFlag                                 0x20000018   Data           1  app_uart_servo.o(.data)
    Rx_index                                 0x20000019   Data           1  app_uart_servo.o(.data)
    Rx_Flag                                  0x2000001a   Data           1  app_uart_servo.o(.data)
    g_test_read_ok                           0x2000001b   Data           1  app_uart_servo.o(.data)
    servo_read_state                         0x2000001c   Data           2  app_uart_servo.o(.data)
    Rx_Data                                  0x2000001e   Data           8  app_uart_servo.o(.data)
    sync_servo                               0x20000026   Data          12  app_uart_servo.o(.data)
    g_arm_median_value                       0x20000032   Data          12  app_uart_servo.o(.data)
    g_bat_state                              0x20000040   Data           1  app_bat.o(.data)
    Voltage_Z10                              0x20000048   Data           4  app_bat.o(.data)
    Voltage_Low_Count                        0x2000004c   Data           4  app_bat.o(.data)
    g_start_ctrl                             0x20000050   Data           1  app_motion.o(.data)
    g_yaw_adjust                             0x20000051   Data           1  app_motion.o(.data)
    g_car_type                               0x20000052   Data           1  app_motion.o(.data)
    car_data                                 0x20000054   Data           6  app_motion.o(.data)
    pid_Yaw                                  0x2000005c   Data          28  app_pid.o(.data)
    sbus_start                               0x20000078   Data           1  app_sbus.o(.data)
    sbus_buf_index                           0x20000079   Data           1  app_sbus.o(.data)
    sbus_new_cmd                             0x2000007a   Data           1  app_sbus.o(.data)
    failsafe_status                          0x2000007b   Data           1  app_sbus.o(.data)
    g_sbus_speed_X                           0x2000007e   Data           2  app_sbus.o(.data)
    g_sbus_speed_Y                           0x20000080   Data           2  app_sbus.o(.data)
    g_sbus_speed_Z                           0x20000082   Data           2  app_sbus.o(.data)
    g_speed_setup                            0x20000088   Data           2  app_mecanum.o(.data)
    g_now_effect                             0x200000ac   Data           1  app_rgb.o(.data)
    g_speed_threshold                        0x200000ad   Data           1  app_rgb.o(.data)
    gt_red                                   0x200000ae   Data           1  app_rgb.o(.data)
    gt_green                                 0x200000af   Data           1  app_rgb.o(.data)
    gt_blue                                  0x200000b0   Data           1  app_rgb.o(.data)
    g_battery_count                          0x200000b1   Data           1  app_rgb.o(.data)
    g_rgb_speed                              0x200000b2   Data           1  app_rgb.o(.data)
    g_breath_color                           0x200000b3   Data           1  app_rgb.o(.data)
    g_V_Z10                                  0x200000bc   Data           4  app_rgb.o(.data)
    g_ackerman_default_angle                 0x200000c4   Data           2  app_ackerman.o(.data)
    akm_speed_fb                             0x200000d0   Data           4  app_ackerman.o(.data)
    akm_servo_angle                          0x200000d4   Data           4  app_ackerman.o(.data)
    akm_speed_angle                          0x200000d8   Data           4  app_ackerman.o(.data)
    akm_angle                                0x200000dc   Data           4  app_ackerman.o(.data)
    vecxZ                                    0x20000100   Data           4  app_angle.o(.data)
    vecyZ                                    0x20000104   Data           4  app_angle.o(.data)
    veczZ                                    0x20000108   Data           4  app_angle.o(.data)
    g_test_mode                              0x2000011d   Data           1  bsp.o(.data)
    beep_state                               0x20000122   Data           1  bsp_beep.o(.data)
    beep_on_time                             0x20000124   Data           2  bsp_beep.o(.data)
    motor_enable                             0x20000126   Data           1  bsp_motor.o(.data)
    g_key1_long_press                        0x20000128   Data           2  bsp_key.o(.data)
    g_Encoder_M1_Now                         0x2000012c   Data           4  bsp_encoder.o(.data)
    g_Encoder_M2_Now                         0x20000130   Data           4  bsp_encoder.o(.data)
    g_Encoder_M3_Now                         0x20000134   Data           4  bsp_encoder.o(.data)
    g_Encoder_M4_Now                         0x20000138   Data           4  bsp_encoder.o(.data)
    g_pwm_pulse                              0x2000013c   Data           2  bsp_pwmservo.o(.data)
    g_pwm_angle                              0x2000013e   Data           4  bsp_pwmservo.o(.data)
    g_angle_num                              0x20000142   Data           8  bsp_pwmservo.o(.data)
    Font_7x10                                0x2000014c   Data           8  oled_fonts.o(.data)
    g_can_beep_state                         0x2000015a   Data           1  bsp_can.o(.data)
    g_can_rx                                 0x2000015c   Data           8  bsp_can.o(.data)
    g_mpu_init                               0x20000164   Data           1  bsp_mpu9250.o(.data)
    g_mpu_start                              0x20000165   Data           1  bsp_mpu9250.o(.data)
    g_mpu_test                               0x20000166   Data           1  bsp_mpu9250.o(.data)
    Deviation_Count                          0x20000168   Data           4  bsp_mpu9250.o(.data)
    Deviation_gyro                           0x2000016c   Data           6  bsp_mpu9250.o(.data)
    Original_gyro                            0x20000172   Data           6  bsp_mpu9250.o(.data)
    pxCurrentTCB                             0x200001a8   Data           4  tasks.o(.data)
    uxTopUsedPriority                        0x200001d8   Data           4  tasks.o(.data)
    __stdout                                 0x200001ec   Data           4  stdout.o(.data)
    RxBuffer                                 0x200001f4   Data          20  protocol.o(.bss)
    g_arm_read_value                         0x20000208   Data          12  app_uart_servo.o(.bss)
    g_Encoder_All_Now                        0x20000214   Data          16  app_motion.o(.bss)
    g_Encoder_All_Last                       0x20000224   Data          16  app_motion.o(.bss)
    g_Encoder_All_Offset                     0x20000234   Data          16  app_motion.o(.bss)
    motor_data                               0x20000244   Data          40  app_motion.o(.bss)
    pid_motor                                0x2000026c   Data         160  app_pid.o(.bss)
    inBuffer                                 0x2000030c   Data          25  app_sbus.o(.bss)
    sbus_data                                0x20000325   Data          25  app_sbus.o(.bss)
    g_sbus_channels                          0x2000033e   Data          36  app_sbus.o(.bss)
    waterfall                                0x20000364   Data          56  app_rgb.o(.bss)
    marquee                                  0x2000039c   Data          56  app_rgb.o(.bss)
    star                                     0x200003d4   Data          15  app_rgb.o(.bss)
    g_attitude                               0x200003f0   Data          12  app_angle.o(.bss)
    g_imu_data                               0x200003fc   Data          24  app_angle.o(.bss)
    Flash_BUF                                0x20000414   Data        2048  bsp_flash.o(.bss)
    g_dma_buff                               0x20000c14   Data         100  bsp_usart.o(.bss)
    g_addr                                   0x20000c78   Data         128  bsp_io_i2c.o(.bss)
    led_buf                                  0x20000ef8   Data          56  bsp_rgb.o(.bss)
    RGB_Byte_Buffer                          0x20000f30   Data         338  bsp_rgb.o(.bss)
    mpu_data                                 0x20001084   Data          32  bsp_mpu9250.o(.bss)
    __initial_sp                             0x20005970   Data           0  startup_stm32f10x_hd.o(STACK)



==============================================================================

Memory Map of the image

  Image Entry point : 0x08000131

  Load Region LR_IROM1 (Base: 0x08000000, Size: 0x0000af2c, Max: 0x00040000, ABSOLUTE, COMPRESSED[0x0000ad98])

    Execution Region ER_IROM1 (Exec base: 0x08000000, Load base: 0x08000000, Size: 0x0000ad38, Max: 0x00040000, ABSOLUTE)

    Exec Addr    Load Addr    Size         Type   Attr      Idx    E Section Name        Object

    0x08000000   0x08000000   0x00000130   Data   RO            3    RESET               startup_stm32f10x_hd.o
    0x08000130   0x08000130   0x00000000   Code   RO         6975  * .ARM.Collect$$$$00000000  mc_w.l(entry.o)
    0x08000130   0x08000130   0x00000004   Code   RO         7358    .ARM.Collect$$$$00000001  mc_w.l(entry2.o)
    0x08000134   0x08000134   0x00000004   Code   RO         7361    .ARM.Collect$$$$00000004  mc_w.l(entry5.o)
    0x08000138   0x08000138   0x00000000   Code   RO         7363    .ARM.Collect$$$$00000008  mc_w.l(entry7b.o)
    0x08000138   0x08000138   0x00000000   Code   RO         7365    .ARM.Collect$$$$0000000A  mc_w.l(entry8b.o)
    0x08000138   0x08000138   0x00000008   Code   RO         7366    .ARM.Collect$$$$0000000B  mc_w.l(entry9a.o)
    0x08000140   0x08000140   0x00000000   Code   RO         7368    .ARM.Collect$$$$0000000D  mc_w.l(entry10a.o)
    0x08000140   0x08000140   0x00000000   Code   RO         7370    .ARM.Collect$$$$0000000F  mc_w.l(entry11a.o)
    0x08000140   0x08000140   0x00000004   Code   RO         7359    .ARM.Collect$$$$00002712  mc_w.l(entry2.o)
    0x08000144   0x08000144   0x00000096   Code   RO         5834    .emb_text           port.o
    0x080001da   0x080001da   0x00000002   PAD
    0x080001dc   0x080001dc   0x00000024   Code   RO            4    .text               startup_stm32f10x_hd.o
    0x08000200   0x08000200   0x00000024   Code   RO         6980    .text               mc_w.l(rand.o)
    0x08000224   0x08000224   0x00000024   Code   RO         6983    .text               mc_w.l(memcpya.o)
    0x08000248   0x08000248   0x00000024   Code   RO         6985    .text               mc_w.l(memseta.o)
    0x0800026c   0x0800026c   0x000000b0   Code   RO         7252    .text               mf_w.l(fadd.o)
    0x0800031c   0x0800031c   0x00000064   Code   RO         7254    .text               mf_w.l(fmul.o)
    0x08000380   0x08000380   0x0000007c   Code   RO         7256    .text               mf_w.l(fdiv.o)
    0x080003fc   0x080003fc   0x00000018   Code   RO         7258    .text               mf_w.l(fscalb.o)
    0x08000414   0x08000414   0x0000014e   Code   RO         7260    .text               mf_w.l(dadd.o)
    0x08000562   0x08000562   0x000000e4   Code   RO         7262    .text               mf_w.l(dmul.o)
    0x08000646   0x08000646   0x000000de   Code   RO         7264    .text               mf_w.l(ddiv.o)
    0x08000724   0x08000724   0x0000002e   Code   RO         7266    .text               mf_w.l(dscalb.o)
    0x08000752   0x08000752   0x00000012   Code   RO         7268    .text               mf_w.l(fflti.o)
    0x08000764   0x08000764   0x0000000a   Code   RO         7270    .text               mf_w.l(ffltui.o)
    0x0800076e   0x0800076e   0x00000022   Code   RO         7272    .text               mf_w.l(dflti.o)
    0x08000790   0x08000790   0x0000001a   Code   RO         7274    .text               mf_w.l(dfltui.o)
    0x080007aa   0x080007aa   0x00000032   Code   RO         7276    .text               mf_w.l(ffixi.o)
    0x080007dc   0x080007dc   0x00000028   Code   RO         7278    .text               mf_w.l(ffixui.o)
    0x08000804   0x08000804   0x0000003e   Code   RO         7280    .text               mf_w.l(dfixi.o)
    0x08000842   0x08000842   0x00000026   Code   RO         7282    .text               mf_w.l(f2d.o)
    0x08000868   0x08000868   0x00000030   Code   RO         7286    .text               mf_w.l(cdrcmple.o)
    0x08000898   0x08000898   0x00000038   Code   RO         7288    .text               mf_w.l(d2f.o)
    0x080008d0   0x080008d0   0x0000002c   Code   RO         7373    .text               mc_w.l(uidiv.o)
    0x080008fc   0x080008fc   0x00000062   Code   RO         7375    .text               mc_w.l(uldiv.o)
    0x0800095e   0x0800095e   0x0000001e   Code   RO         7377    .text               mc_w.l(llshl.o)
    0x0800097c   0x0800097c   0x00000020   Code   RO         7379    .text               mc_w.l(llushr.o)
    0x0800099c   0x0800099c   0x00000024   Code   RO         7381    .text               mc_w.l(llsshr.o)
    0x080009c0   0x080009c0   0x00000000   Code   RO         7390    .text               mc_w.l(iusefp.o)
    0x080009c0   0x080009c0   0x0000006e   Code   RO         7391    .text               mf_w.l(fepilogue.o)
    0x08000a2e   0x08000a2e   0x000000ba   Code   RO         7393    .text               mf_w.l(depilogue.o)
    0x08000ae8   0x08000ae8   0x00000030   Code   RO         7395    .text               mf_w.l(dfixul.o)
    0x08000b18   0x08000b18   0x00000024   Code   RO         7397    .text               mc_w.l(init.o)
    0x08000b3c   0x08000b3c   0x00000056   Code   RO         7409    .text               mc_w.l(__dczerorl2.o)
    0x08000b92   0x08000b92   0x00000018   Code   RO         2753    i.ADC_Cmd           stm32f10x_adc.o
    0x08000baa   0x08000baa   0x00000002   PAD
    0x08000bac   0x08000bac   0x00000064   Code   RO         2755    i.ADC_DeInit        stm32f10x_adc.o
    0x08000c10   0x08000c10   0x0000000e   Code   RO         2761    i.ADC_GetCalibrationStatus  stm32f10x_adc.o
    0x08000c1e   0x08000c1e   0x00000006   Code   RO         2762    i.ADC_GetConversionValue  stm32f10x_adc.o
    0x08000c24   0x08000c24   0x0000000e   Code   RO         2764    i.ADC_GetFlagStatus  stm32f10x_adc.o
    0x08000c32   0x08000c32   0x0000000e   Code   RO         2767    i.ADC_GetResetCalibrationStatus  stm32f10x_adc.o
    0x08000c40   0x08000c40   0x00000048   Code   RO         2771    i.ADC_Init          stm32f10x_adc.o
    0x08000c88   0x08000c88   0x00000074   Code   RO         2775    i.ADC_RegularChannelConfig  stm32f10x_adc.o
    0x08000cfc   0x08000cfc   0x0000000a   Code   RO         2776    i.ADC_ResetCalibration  stm32f10x_adc.o
    0x08000d06   0x08000d06   0x00000018   Code   RO         2778    i.ADC_SoftwareStartConvCmd  stm32f10x_adc.o
    0x08000d1e   0x08000d1e   0x0000000a   Code   RO         2780    i.ADC_StartCalibration  stm32f10x_adc.o
    0x08000d28   0x08000d28   0x0000018c   Code   RO         1268    i.Ackerman_Ctrl     app_ackerman.o
    0x08000eb4   0x08000eb4   0x0000000c   Code   RO         1269    i.Ackerman_Get_Default_Angle  app_ackerman.o
    0x08000ec0   0x08000ec0   0x00000010   Code   RO         1270    i.Ackerman_Get_Steer_Angle  app_ackerman.o
    0x08000ed0   0x08000ed0   0x00000054   Code   RO         1271    i.Ackerman_Send_Default_Angle  app_ackerman.o
    0x08000f24   0x08000f24   0x00000028   Code   RO         1272    i.Ackerman_Set_Default_Angle  app_ackerman.o
    0x08000f4c   0x08000f4c   0x0000009e   Code   RO         1273    i.Ackerman_State    app_ackerman.o
    0x08000fea   0x08000fea   0x00000002   PAD
    0x08000fec   0x08000fec   0x00000020   Code   RO         1274    i.Ackerman_Steering  app_ackerman.o
    0x0800100c   0x0800100c   0x0000003c   Code   RO         2340    i.Adc_Get           bsp_adc.o
    0x08001048   0x08001048   0x00000030   Code   RO         2341    i.Adc_Get_Average   bsp_adc.o
    0x08001078   0x08001078   0x00000014   Code   RO         2342    i.Adc_Get_Battery_Volotage  bsp_adc.o
    0x0800108c   0x0800108c   0x0000001c   Code   RO         2343    i.Adc_Get_Measure_Volotage  bsp_adc.o
    0x080010a8   0x080010a8   0x00000088   Code   RO         2344    i.Adc_Init          bsp_adc.o
    0x08001130   0x08001130   0x0000001c   Code   RO          326    i.App_Clear_Yaw     app.o
    0x0800114c   0x0800114c   0x00000004   Code   RO          327    i.App_Delay_ms      app.o
    0x08001150   0x08001150   0x0000002c   Code   RO          328    i.App_Init          app.o
    0x0800117c   0x0800117c   0x0000000e   Code   RO          329    i.App_Loop          app.o
    0x0800118a   0x0800118a   0x00000004   Code   RO          330    i.App_Send_Version  app.o
    0x0800118e   0x0800118e   0x00000002   PAD
    0x08001190   0x08001190   0x0000000c   Code   RO          331    i.App_Set_OLED_Flag  app.o
    0x0800119c   0x0800119c   0x000001f0   Code   RO          332    i.App_Start_FreeRTOS  app.o
    0x0800138c   0x0800138c   0x0000002e   Code   RO          333    i.App_Test_Mode_Init  app.o
    0x080013ba   0x080013ba   0x00000002   PAD
    0x080013bc   0x080013bc   0x00000058   Code   RO          718    i.Bat_Show_LED_Handle  app_bat.o
    0x08001414   0x08001414   0x0000003c   Code   RO          719    i.Bat_State         app_bat.o
    0x08001450   0x08001450   0x0000000c   Code   RO          720    i.Bat_Voltage_Z10   app_bat.o
    0x0800145c   0x0800145c   0x00000034   Code   RO         1570    i.Beep_GPIO_Init    bsp_beep.o
    0x08001490   0x08001490   0x0000000c   Code   RO         1571    i.Beep_Get_State    bsp_beep.o
    0x0800149c   0x0800149c   0x0000000c   Code   RO         1572    i.Beep_Get_Time     bsp_beep.o
    0x080014a8   0x080014a8   0x00000064   Code   RO         1573    i.Beep_On_Time      bsp_beep.o
    0x0800150c   0x0800150c   0x0000000c   Code   RO         1574    i.Beep_Set_State    bsp_beep.o
    0x08001518   0x08001518   0x0000000c   Code   RO         1575    i.Beep_Set_Time     bsp_beep.o
    0x08001524   0x08001524   0x00000034   Code   RO         1576    i.Beep_Timeout_Close_Handle  bsp_beep.o
    0x08001558   0x08001558   0x0000000c   Code   RO         1405    i.Bsp_Get_TestMode  bsp.o
    0x08001564   0x08001564   0x00000118   Code   RO         1406    i.Bsp_Init          bsp.o
    0x0800167c   0x0800167c   0x00000028   Code   RO         1407    i.Bsp_JTAG_Set      bsp.o
    0x080016a4   0x080016a4   0x00000044   Code   RO         1408    i.Bsp_Led_Show_Low_Battery  bsp.o
    0x080016e8   0x080016e8   0x0000004c   Code   RO         1409    i.Bsp_Led_Show_State  bsp.o
    0x08001734   0x08001734   0x00000038   Code   RO         1410    i.Bsp_Reset_MCU     bsp.o
    0x0800176c   0x0800176c   0x0000004a   Code   RO         1411    i.Bsp_Send_Version  bsp.o
    0x080017b6   0x080017b6   0x00000002   PAD
    0x080017b8   0x080017b8   0x00000014   Code   RO         1412    i.Bsp_Set_TestMode  bsp.o
    0x080017cc   0x080017cc   0x00000058   Code   RO         2375    i.CAN_Config_Init   bsp_can.o
    0x08001824   0x08001824   0x00000038   Code   RO         3054    i.CAN_DeInit        stm32f10x_can.o
    0x0800185c   0x0800185c   0x000000d4   Code   RO         3056    i.CAN_FilterInit    stm32f10x_can.o
    0x08001930   0x08001930   0x00000032   Code   RO         2376    i.CAN_Filter_Init   bsp_can.o
    0x08001962   0x08001962   0x00000002   PAD
    0x08001964   0x08001964   0x00000060   Code   RO         2377    i.CAN_GPIO_Init     bsp_can.o
    0x080019c4   0x080019c4   0x00000024   Code   RO         2378    i.CAN_Get_Prescaler  bsp_can.o
    0x080019e8   0x080019e8   0x00000014   Code   RO         3062    i.CAN_ITConfig      stm32f10x_can.o
    0x080019fc   0x080019fc   0x00000104   Code   RO         3063    i.CAN_Init          stm32f10x_can.o
    0x08001b00   0x08001b00   0x0000001c   Code   RO         3064    i.CAN_MessagePending  stm32f10x_can.o
    0x08001b1c   0x08001b1c   0x00000030   Code   RO         2379    i.CAN_NVIC_Init     bsp_can.o
    0x08001b4c   0x08001b4c   0x00000048   Code   RO         2380    i.CAN_Parse_Data    bsp_can.o
    0x08001b94   0x08001b94   0x00000018   Code   RO         2381    i.CAN_RX_Beep       bsp_can.o
    0x08001bac   0x08001bac   0x00000082   Code   RO         3066    i.CAN_Receive       stm32f10x_can.o
    0x08001c2e   0x08001c2e   0x00000002   PAD
    0x08001c30   0x08001c30   0x00000070   Code   RO         2382    i.CAN_Receive_Data  bsp_can.o
    0x08001ca0   0x08001ca0   0x00000058   Code   RO         2383    i.CAN_Send_Data     bsp_can.o
    0x08001cf8   0x08001cf8   0x00000020   Code   RO         3069    i.CAN_StructInit    stm32f10x_can.o
    0x08001d18   0x08001d18   0x0000002c   Code   RO         2384    i.CAN_Test_Send     bsp_can.o
    0x08001d44   0x08001d44   0x000000b6   Code   RO         3071    i.CAN_Transmit      stm32f10x_can.o
    0x08001dfa   0x08001dfa   0x00000002   PAD
    0x08001dfc   0x08001dfc   0x00000088   Code   RO         3072    i.CAN_TransmitStatus  stm32f10x_can.o
    0x08001e84   0x08001e84   0x00000028   Code   RO          223    i.Clear_CMD_Flag    protocol.o
    0x08001eac   0x08001eac   0x00000018   Code   RO         3451    i.DMA_ClearFlag     stm32f10x_dma.o
    0x08001ec4   0x08001ec4   0x0000001a   Code   RO         3453    i.DMA_Cmd           stm32f10x_dma.o
    0x08001ede   0x08001ede   0x00000002   PAD
    0x08001ee0   0x08001ee0   0x000000f8   Code   RO         3454    i.DMA_DeInit        stm32f10x_dma.o
    0x08001fd8   0x08001fd8   0x00000006   Code   RO         3455    i.DMA_GetCurrDataCounter  stm32f10x_dma.o
    0x08001fde   0x08001fde   0x00000002   PAD
    0x08001fe0   0x08001fe0   0x00000024   Code   RO         3456    i.DMA_GetFlagStatus  stm32f10x_dma.o
    0x08002004   0x08002004   0x0000003a   Code   RO         3459    i.DMA_Init          stm32f10x_dma.o
    0x0800203e   0x0800203e   0x00000004   Code   RO         3460    i.DMA_SetCurrDataCounter  stm32f10x_dma.o
    0x08002042   0x08002042   0x00000020   Code   RO         1834    i.Delay_For_Pin     bsp_io_i2c.o
    0x08002062   0x08002062   0x00000020   Code   RO         2628    i.Delay_For_Pin     bsp_mpuiic.o
    0x08002082   0x08002082   0x00000002   PAD
    0x08002084   0x08002084   0x00000018   Code   RO         2042    i.Encoder_Get_ALL   bsp_encoder.o
    0x0800209c   0x0800209c   0x00000016   Code   RO         2044    i.Encoder_Init      bsp_encoder.o
    0x080020b2   0x080020b2   0x00000002   PAD
    0x080020b4   0x080020b4   0x000000d8   Code   RO         2045    i.Encoder_Init_TIM2  bsp_encoder.o
    0x0800218c   0x0800218c   0x000000c4   Code   RO         2046    i.Encoder_Init_TIM3  bsp_encoder.o
    0x08002250   0x08002250   0x000000c4   Code   RO         2047    i.Encoder_Init_TIM4  bsp_encoder.o
    0x08002314   0x08002314   0x000000c4   Code   RO         2048    i.Encoder_Init_TIM5  bsp_encoder.o
    0x080023d8   0x080023d8   0x00000058   Code   RO         2049    i.Encoder_Read_CNT  bsp_encoder.o
    0x08002430   0x08002430   0x000000b0   Code   RO         2050    i.Encoder_Send_Count_Now  bsp_encoder.o
    0x080024e0   0x080024e0   0x00000074   Code   RO         2051    i.Encoder_Update_Count  bsp_encoder.o
    0x08002554   0x08002554   0x00000020   Code   RO          983    i.Flash_AKM_Angle_Init  app_flash.o
    0x08002574   0x08002574   0x00000058   Code   RO          984    i.Flash_ARM_Mid_Offset_Init  app_flash.o
    0x080025cc   0x080025cc   0x00000018   Code   RO          985    i.Flash_Auto_Report_Init  app_flash.o
    0x080025e4   0x080025e4   0x00000010   Code   RO          986    i.Flash_CarType_Init  app_flash.o
    0x080025f4   0x080025f4   0x00000040   Code   RO         1617    i.Flash_ErasePage   bsp_flash.o
    0x08002634   0x08002634   0x00000024   Code   RO         1618    i.Flash_GetStatus   bsp_flash.o
    0x08002658   0x08002658   0x0000002a   Code   RO          987    i.Flash_Init        app_flash.o
    0x08002682   0x08002682   0x00000002   PAD
    0x08002684   0x08002684   0x00000010   Code   RO         1619    i.Flash_Lock        bsp_flash.o
    0x08002694   0x08002694   0x000000fc   Code   RO          988    i.Flash_PID_Init    app_flash.o
    0x08002790   0x08002790   0x00000026   Code   RO         1620    i.Flash_Read        bsp_flash.o
    0x080027b6   0x080027b6   0x00000004   Code   RO         1621    i.Flash_ReadHalfWord  bsp_flash.o
    0x080027ba   0x080027ba   0x00000002   PAD
    0x080027bc   0x080027bc   0x0000003c   Code   RO          989    i.Flash_Read_AKM_Angle  app_flash.o
    0x080027f8   0x080027f8   0x00000054   Code   RO          990    i.Flash_Read_ARM_Median_Value  app_flash.o
    0x0800284c   0x0800284c   0x0000003c   Code   RO          991    i.Flash_Read_Auto_Report  app_flash.o
    0x08002888   0x08002888   0x0000003c   Code   RO          992    i.Flash_Read_CarType  app_flash.o
    0x080028c4   0x080028c4   0x0000006c   Code   RO          993    i.Flash_Read_PID    app_flash.o
    0x08002930   0x08002930   0x00000040   Code   RO          994    i.Flash_Read_Reset_State  app_flash.o
    0x08002970   0x08002970   0x0000003c   Code   RO          995    i.Flash_Read_TestMode  app_flash.o
    0x080029ac   0x080029ac   0x0000006c   Code   RO          996    i.Flash_Read_Yaw_PID  app_flash.o
    0x08002a18   0x08002a18   0x0000003c   Code   RO          997    i.Flash_Reset_ARM_Median_Value  app_flash.o
    0x08002a54   0x08002a54   0x0000005c   Code   RO          998    i.Flash_Reset_All_Value  app_flash.o
    0x08002ab0   0x08002ab0   0x00000020   Code   RO          999    i.Flash_Set_AKM_Angle  app_flash.o
    0x08002ad0   0x08002ad0   0x0000002c   Code   RO         1000    i.Flash_Set_ARM_Median_Value  app_flash.o
    0x08002afc   0x08002afc   0x00000028   Code   RO         1001    i.Flash_Set_Auto_Report  app_flash.o
    0x08002b24   0x08002b24   0x00000020   Code   RO         1002    i.Flash_Set_CarType  app_flash.o
    0x08002b44   0x08002b44   0x00000058   Code   RO         1003    i.Flash_Set_PID     app_flash.o
    0x08002b9c   0x08002b9c   0x00000014   Code   RO         1004    i.Flash_Set_TestMode  app_flash.o
    0x08002bb0   0x08002bb0   0x0000004c   Code   RO         1005    i.Flash_Set_Yaw_PID  app_flash.o
    0x08002bfc   0x08002bfc   0x00000020   Code   RO         1006    i.Flash_TestMode_Init  app_flash.o
    0x08002c1c   0x08002c1c   0x00000018   Code   RO         1622    i.Flash_Unlock      bsp_flash.o
    0x08002c34   0x08002c34   0x00000026   Code   RO         1623    i.Flash_WaitDone    bsp_flash.o
    0x08002c5a   0x08002c5a   0x00000002   PAD
    0x08002c5c   0x08002c5c   0x000000c4   Code   RO         1624    i.Flash_Write       bsp_flash.o
    0x08002d20   0x08002d20   0x00000034   Code   RO         1625    i.Flash_WriteHalfWord  bsp_flash.o
    0x08002d54   0x08002d54   0x00000026   Code   RO         1626    i.Flash_Write_NoCheck  bsp_flash.o
    0x08002d7a   0x08002d7a   0x00000002   PAD
    0x08002d7c   0x08002d7c   0x000000c8   Code   RO         1350    i.Fourwheel_Ctrl    app_fourwheel.o
    0x08002e44   0x08002e44   0x0000009c   Code   RO         1351    i.Fourwheel_State   app_fourwheel.o
    0x08002ee0   0x08002ee0   0x000000a6   Code   RO         3883    i.GPIO_Init         stm32f10x_gpio.o
    0x08002f86   0x08002f86   0x00000002   PAD
    0x08002f88   0x08002f88   0x0000005c   Code   RO         3885    i.GPIO_PinRemapConfig  stm32f10x_gpio.o
    0x08002fe4   0x08002fe4   0x0000000e   Code   RO         3887    i.GPIO_ReadInputDataBit  stm32f10x_gpio.o
    0x08002ff2   0x08002ff2   0x00000004   Code   RO         3890    i.GPIO_ResetBits    stm32f10x_gpio.o
    0x08002ff6   0x08002ff6   0x00000004   Code   RO         3891    i.GPIO_SetBits      stm32f10x_gpio.o
    0x08002ffa   0x08002ffa   0x00000002   PAD
    0x08002ffc   0x08002ffc   0x0000000c   Code   RO          225    i.Get_CMD_Flag      protocol.o
    0x08003008   0x08003008   0x0000000c   Code   RO          226    i.Get_CMD_Length    protocol.o
    0x08003014   0x08003014   0x0000000c   Code   RO          227    i.Get_Request_Flag  protocol.o
    0x08003020   0x08003020   0x00000008   Code   RO          228    i.Get_RxBuffer      protocol.o
    0x08003028   0x08003028   0x00000028   Code   RO         1837    i.IIC_Init          bsp_io_i2c.o
    0x08003050   0x08003050   0x00000060   Code   RO         1840    i.IIC_Send_Byte     bsp_io_i2c.o
    0x080030b0   0x080030b0   0x00000058   Code   RO         1841    i.IIC_Start         bsp_io_i2c.o
    0x08003108   0x08003108   0x00000040   Code   RO         1842    i.IIC_Stop          bsp_io_i2c.o
    0x08003148   0x08003148   0x00000060   Code   RO         1843    i.IIC_Wait_Ack      bsp_io_i2c.o
    0x080031a8   0x080031a8   0x00000034   Code   RO         2004    i.Key1_Long_Press   bsp_key.o
    0x080031dc   0x080031dc   0x00000038   Code   RO         2005    i.Key1_State        bsp_key.o
    0x08003214   0x08003214   0x00000018   Code   RO         2006    i.Key1_is_Press     bsp_key.o
    0x0800322c   0x0800322c   0x00000024   Code   RO         2007    i.Key_GPIO_Init     bsp_key.o
    0x08003250   0x08003250   0x00000038   Code   RO         1413    i.LED_GPIO_Init     bsp.o
    0x08003288   0x08003288   0x00000060   Code   RO         1959    i.MOTOR_GPIO_Init   bsp_motor.o
    0x080032e8   0x080032e8   0x00000068   Code   RO         2504    i.MPU9250_Init      bsp_mpu9250.o
    0x08003350   0x08003350   0x00000078   Code   RO         2505    i.MPU9250_Read_Data_Handle  bsp_mpu9250.o
    0x080033c8   0x080033c8   0x000000bc   Code   RO         2506    i.MPU9250_Send_Raw_Data  bsp_mpu9250.o
    0x08003484   0x08003484   0x00000038   Code   RO         2507    i.MPU_ADDR_CTRL     bsp_mpu9250.o
    0x080034bc   0x080034bc   0x000000f8   Code   RO         2508    i.MPU_Basic_Init    bsp_mpu9250.o
    0x080035b4   0x080035b4   0x00000014   Code   RO         2509    i.MPU_Delay_ms      bsp_mpu9250.o
    0x080035c8   0x080035c8   0x00000040   Code   RO         2510    i.MPU_Get_Accelerometer  bsp_mpu9250.o
    0x08003608   0x08003608   0x000000b0   Code   RO         2511    i.MPU_Get_Gyroscope  bsp_mpu9250.o
    0x080036b8   0x080036b8   0x0000004c   Code   RO         2512    i.MPU_Get_Magnetometer  bsp_mpu9250.o
    0x08003704   0x08003704   0x0000000c   Code   RO         2515    i.MPU_Get_Yaw_Now   bsp_mpu9250.o
    0x08003710   0x08003710   0x00000038   Code   RO         2629    i.MPU_IIC_Ack       bsp_mpuiic.o
    0x08003748   0x08003748   0x00000038   Code   RO         2630    i.MPU_IIC_Init      bsp_mpuiic.o
    0x08003780   0x08003780   0x00000038   Code   RO         2631    i.MPU_IIC_NAck      bsp_mpuiic.o
    0x080037b8   0x080037b8   0x0000006c   Code   RO         2632    i.MPU_IIC_Read_Byte  bsp_mpuiic.o
    0x08003824   0x08003824   0x00000060   Code   RO         2633    i.MPU_IIC_Send_Byte  bsp_mpuiic.o
    0x08003884   0x08003884   0x00000038   Code   RO         2634    i.MPU_IIC_Start     bsp_mpuiic.o
    0x080038bc   0x080038bc   0x0000003c   Code   RO         2635    i.MPU_IIC_Stop      bsp_mpuiic.o
    0x080038f8   0x080038f8   0x00000058   Code   RO         2636    i.MPU_IIC_Wait_Ack  bsp_mpuiic.o
    0x08003950   0x08003950   0x0000000c   Code   RO         2516    i.MPU_Init_Ok       bsp_mpu9250.o
    0x0800395c   0x0800395c   0x00000044   Code   RO         2637    i.MPU_Read_Byte     bsp_mpuiic.o
    0x080039a0   0x080039a0   0x00000070   Code   RO         2638    i.MPU_Read_Len      bsp_mpuiic.o
    0x08003a10   0x08003a10   0x0000000c   Code   RO         2517    i.MPU_Set_Accel_Fsr  bsp_mpu9250.o
    0x08003a1c   0x08003a1c   0x0000000c   Code   RO         2518    i.MPU_Set_Gyro_Fsr  bsp_mpu9250.o
    0x08003a28   0x08003a28   0x00000032   Code   RO         2519    i.MPU_Set_LPF       bsp_mpu9250.o
    0x08003a5a   0x08003a5a   0x0000002e   Code   RO         2520    i.MPU_Set_Rate      bsp_mpu9250.o
    0x08003a88   0x08003a88   0x00000048   Code   RO         2639    i.MPU_Write_Byte    bsp_mpuiic.o
    0x08003ad0   0x08003ad0   0x00000010   Code   RO         1320    i.Math_Limit_int    app_math.o
    0x08003ae0   0x08003ae0   0x00000154   Code   RO         1151    i.Mecanum_Ctrl      app_mecanum.o
    0x08003c34   0x08003c34   0x000000c8   Code   RO         1152    i.Mecanum_State     app_mecanum.o
    0x08003cfc   0x08003cfc   0x00000058   Code   RO          751    i.Motion_Ctrl       app_motion.o
    0x08003d54   0x08003d54   0x00000040   Code   RO          752    i.Motion_Ctrl_State  app_motion.o
    0x08003d94   0x08003d94   0x00000038   Code   RO          753    i.Motion_Get_APB    app_motion.o
    0x08003dcc   0x08003dcc   0x0000000c   Code   RO          754    i.Motion_Get_Car_Type  app_motion.o
    0x08003dd8   0x08003dd8   0x00000038   Code   RO          755    i.Motion_Get_Circle_MM  app_motion.o
    0x08003e10   0x08003e10   0x00000030   Code   RO          756    i.Motion_Get_Circle_Pulse  app_motion.o
    0x08003e40   0x08003e40   0x00000034   Code   RO          758    i.Motion_Get_Encoder  app_motion.o
    0x08003e74   0x08003e74   0x00000018   Code   RO          759    i.Motion_Get_Motor_Speed  app_motion.o
    0x08003e8c   0x08003e8c   0x000001b4   Code   RO          760    i.Motion_Get_Speed  app_motion.o
    0x08004040   0x08004040   0x00000050   Code   RO          762    i.Motion_Handle     app_motion.o
    0x08004090   0x08004090   0x00000054   Code   RO          763    i.Motion_Send_Car_Type  app_motion.o
    0x080040e4   0x080040e4   0x00000074   Code   RO          764    i.Motion_Send_Data  app_motion.o
    0x08004158   0x08004158   0x0000002c   Code   RO          765    i.Motion_Set_Car_Type  app_motion.o
    0x08004184   0x08004184   0x00000058   Code   RO          766    i.Motion_Set_Pwm    app_motion.o
    0x080041dc   0x080041dc   0x0000003c   Code   RO          767    i.Motion_Set_Speed  app_motion.o
    0x08004218   0x08004218   0x0000002c   Code   RO          768    i.Motion_Set_Yaw_Adjust  app_motion.o
    0x08004244   0x08004244   0x0000002c   Code   RO          769    i.Motion_Stop       app_motion.o
    0x08004270   0x08004270   0x0000001c   Code   RO         1961    i.Motor_Ignore_Dead_Zone  bsp_motor.o
    0x0800428c   0x0800428c   0x000000f8   Code   RO         1962    i.Motor_PWM_Init    bsp_motor.o
    0x08004384   0x08004384   0x000000a0   Code   RO         1963    i.Motor_Set_Pwm     bsp_motor.o
    0x08004424   0x08004424   0x00000068   Code   RO         1964    i.Motor_Stop        bsp_motor.o
    0x0800448c   0x0800448c   0x00000064   Code   RO         2711    i.NVIC_Init         misc.o
    0x080044f0   0x080044f0   0x00000014   Code   RO         2712    i.NVIC_PriorityGroupConfig  misc.o
    0x08004504   0x08004504   0x00000006   Code   RO          627    i.OLED_Clear        app_oled.o
    0x0800450a   0x0800450a   0x0000001e   Code   RO          628    i.OLED_Draw_Line    app_oled.o
    0x08004528   0x08004528   0x0000003c   Code   RO          629    i.OLED_Draw_String  app_oled.o
    0x08004564   0x08004564   0x00000004   Code   RO          630    i.OLED_Refresh      app_oled.o
    0x08004568   0x08004568   0x0000011c   Code   RO          631    i.OLED_Show_CarType  app_oled.o
    0x08004684   0x08004684   0x0000009c   Code   RO          633    i.OLED_Show_Motor_Speed  app_oled.o
    0x08004720   0x08004720   0x00000104   Code   RO          634    i.OLED_Show_Test_Mode  app_oled.o
    0x08004824   0x08004824   0x00000028   Code   RO          635    i.OLED_Show_Test_Mode_Error  app_oled.o
    0x0800484c   0x0800484c   0x00000050   Code   RO          636    i.OLED_Show_UART_Servo_Read  app_oled.o
    0x0800489c   0x0800489c   0x00000040   Code   RO          637    i.OLED_Show_Voltage  app_oled.o
    0x080048dc   0x080048dc   0x00000030   Code   RO          638    i.OLED_Show_Waiting  app_oled.o
    0x0800490c   0x0800490c   0x00000040   Code   RO          639    i.OLED_Show_YAW     app_oled.o
    0x0800494c   0x0800494c   0x0000002c   Code   RO          877    i.PID_Calc_Motor    app_pid.o
    0x08004978   0x08004978   0x00000044   Code   RO          879    i.PID_Clear_Motor   app_pid.o
    0x080049bc   0x080049bc   0x00000080   Code   RO          881    i.PID_Incre_Calc    app_pid.o
    0x08004a3c   0x08004a3c   0x00000058   Code   RO          883    i.PID_Param_Init    app_pid.o
    0x08004a94   0x08004a94   0x000000f8   Code   RO          884    i.PID_Send_Parm_Active  app_pid.o
    0x08004b8c   0x08004b8c   0x0000003c   Code   RO          885    i.PID_Set_Motor_Parm  app_pid.o
    0x08004bc8   0x08004bc8   0x0000002c   Code   RO          886    i.PID_Set_Motor_Target  app_pid.o
    0x08004bf4   0x08004bf4   0x00000014   Code   RO          890    i.PID_Yaw_Reset     app_pid.o
    0x08004c08   0x08004c08   0x00000010   Code   RO          891    i.PID_Yaw_Set_Parm  app_pid.o
    0x08004c18   0x08004c18   0x00000068   Code   RO         2110    i.PwmServo_Handle   bsp_pwmservo.o
    0x08004c80   0x08004c80   0x000000c8   Code   RO         2111    i.PwmServo_Init     bsp_pwmservo.o
    0x08004d48   0x08004d48   0x0000002c   Code   RO         2112    i.PwmServo_Set_Angle  bsp_pwmservo.o
    0x08004d74   0x08004d74   0x00000070   Code   RO         2113    i.PwmServo_Set_Angle_All  bsp_pwmservo.o
    0x08004de4   0x08004de4   0x00000014   Code   RO         4300    i.RCC_ADCCLKConfig  stm32f10x_rcc.o
    0x08004df8   0x08004df8   0x0000001c   Code   RO         4301    i.RCC_AHBPeriphClockCmd  stm32f10x_rcc.o
    0x08004e14   0x08004e14   0x0000001c   Code   RO         4302    i.RCC_APB1PeriphClockCmd  stm32f10x_rcc.o
    0x08004e30   0x08004e30   0x0000001c   Code   RO         4303    i.RCC_APB1PeriphResetCmd  stm32f10x_rcc.o
    0x08004e4c   0x08004e4c   0x0000001c   Code   RO         4304    i.RCC_APB2PeriphClockCmd  stm32f10x_rcc.o
    0x08004e68   0x08004e68   0x0000001c   Code   RO         4305    i.RCC_APB2PeriphResetCmd  stm32f10x_rcc.o
    0x08004e84   0x08004e84   0x000000ac   Code   RO         4312    i.RCC_GetClocksFreq  stm32f10x_rcc.o
    0x08004f30   0x08004f30   0x00000018   Code   RO         2445    i.RGB_Clear         bsp_rgb.o
    0x08004f48   0x08004f48   0x00000050   Code   RO         2446    i.RGB_DMA_Init      bsp_rgb.o
    0x08004f98   0x08004f98   0x0000000e   Code   RO         2447    i.RGB_Driver_Init   bsp_rgb.o
    0x08004fa6   0x08004fa6   0x00000002   PAD
    0x08004fa8   0x08004fa8   0x00000034   Code   RO         2448    i.RGB_GPIO_Init     bsp_rgb.o
    0x08004fdc   0x08004fdc   0x0000000e   Code   RO         2449    i.RGB_Init          bsp_rgb.o
    0x08004fea   0x08004fea   0x00000002   PAD
    0x08004fec   0x08004fec   0x0000002c   Code   RO         2450    i.RGB_Set_Color     bsp_rgb.o
    0x08005018   0x08005018   0x00000024   Code   RO         2451    i.RGB_Set_Color_U32  bsp_rgb.o
    0x0800503c   0x0800503c   0x00000070   Code   RO         2452    i.RGB_Spi_Init      bsp_rgb.o
    0x080050ac   0x080050ac   0x00000080   Code   RO         2453    i.RGB_Update        bsp_rgb.o
    0x0800512c   0x0800512c   0x0000006c   Code   RO          229    i.Request_Data      protocol.o
    0x08005198   0x08005198   0x000001b4   Code   RO         1122    i.SBUS_Handle       app_sbus.o
    0x0800534c   0x0800534c   0x000000b8   Code   RO         1123    i.SBUS_Parse_Data   app_sbus.o
    0x08005404   0x08005404   0x00000060   Code   RO         1124    i.SBUS_Reveive      app_sbus.o
    0x08005464   0x08005464   0x00000018   Code   RO         4786    i.SPI_CalculateCRC  stm32f10x_spi.o
    0x0800547c   0x0800547c   0x00000018   Code   RO         4787    i.SPI_Cmd           stm32f10x_spi.o
    0x08005494   0x08005494   0x00000014   Code   RO         4793    i.SPI_I2S_DMACmd    stm32f10x_spi.o
    0x080054a8   0x080054a8   0x00000038   Code   RO         4800    i.SPI_Init          stm32f10x_spi.o
    0x080054e0   0x080054e0   0x00000044   Code   RO         2170    i.SSD1306_DrawPixel  bsp_ssd1306.o
    0x08005524   0x08005524   0x00000018   Code   RO         2173    i.SSD1306_Fill      bsp_ssd1306.o
    0x0800553c   0x0800553c   0x0000000c   Code   RO         2174    i.SSD1306_GotoXY    bsp_ssd1306.o
    0x08005548   0x08005548   0x00000144   Code   RO         2175    i.SSD1306_Init      bsp_ssd1306.o
    0x0800568c   0x0800568c   0x000000a8   Code   RO         2178    i.SSD1306_Putc      bsp_ssd1306.o
    0x08005734   0x08005734   0x00000028   Code   RO         2179    i.SSD1306_Puts      bsp_ssd1306.o
    0x0800575c   0x0800575c   0x00000044   Code   RO         2181    i.SSD1306_UpdateScreen  bsp_ssd1306.o
    0x080057a0   0x080057a0   0x00000108   Code   RO          230    i.Send_Request_Data  protocol.o
    0x080058a8   0x080058a8   0x00000004   Code   RO           24    i.SetSysClock       system_stm32f10x.o
    0x080058ac   0x080058ac   0x000000b0   Code   RO           25    i.SetSysClockTo72   system_stm32f10x.o
    0x0800595c   0x0800595c   0x00000018   Code   RO          334    i.Set_Auto_Report   app.o
    0x08005974   0x08005974   0x0000001c   Code   RO         2715    i.SysTick_CLKSourceConfig  misc.o
    0x08005990   0x08005990   0x00000050   Code   RO           27    i.SystemInit        system_stm32f10x.o
    0x080059e0   0x080059e0   0x0000000c   Code   RO          721    i.System_Enable     app_bat.o
    0x080059ec   0x080059ec   0x00000074   Code   RO         4926    i.TI1_Config        stm32f10x_tim.o
    0x08005a60   0x08005a60   0x0000007c   Code   RO         4927    i.TI2_Config        stm32f10x_tim.o
    0x08005adc   0x08005adc   0x00000078   Code   RO         4928    i.TI3_Config        stm32f10x_tim.o
    0x08005b54   0x08005b54   0x0000007c   Code   RO         4929    i.TI4_Config        stm32f10x_tim.o
    0x08005bd0   0x08005bd0   0x00000028   Code   RO         1683    i.TIM7_IRQHandler   bsp_timer.o
    0x08005bf8   0x08005bf8   0x0000005c   Code   RO         1684    i.TIM7_Init         bsp_timer.o
    0x08005c54   0x08005c54   0x00000006   Code   RO         4936    i.TIM_ClearFlag     stm32f10x_tim.o
    0x08005c5a   0x08005c5a   0x00000006   Code   RO         4937    i.TIM_ClearITPendingBit  stm32f10x_tim.o
    0x08005c60   0x08005c60   0x00000018   Code   RO         4942    i.TIM_Cmd           stm32f10x_tim.o
    0x08005c78   0x08005c78   0x0000001c   Code   RO         4944    i.TIM_CtrlPWMOutputs  stm32f10x_tim.o
    0x08005c94   0x08005c94   0x00000210   Code   RO         4947    i.TIM_DeInit        stm32f10x_tim.o
    0x08005ea4   0x08005ea4   0x00000032   Code   RO         4951    i.TIM_EncoderInterfaceConfig  stm32f10x_tim.o
    0x08005ed6   0x08005ed6   0x00000018   Code   RO         4963    i.TIM_GetITStatus   stm32f10x_tim.o
    0x08005eee   0x08005eee   0x00000002   PAD
    0x08005ef0   0x08005ef0   0x0000008c   Code   RO         4965    i.TIM_ICInit        stm32f10x_tim.o
    0x08005f7c   0x08005f7c   0x00000010   Code   RO         4966    i.TIM_ICStructInit  stm32f10x_tim.o
    0x08005f8c   0x08005f8c   0x00000014   Code   RO         4967    i.TIM_ITConfig      stm32f10x_tim.o
    0x08005fa0   0x08005fa0   0x00000088   Code   RO         4971    i.TIM_OC1Init       stm32f10x_tim.o
    0x08006028   0x08006028   0x00000088   Code   RO         4976    i.TIM_OC2Init       stm32f10x_tim.o
    0x080060b0   0x080060b0   0x00000084   Code   RO         4981    i.TIM_OC3Init       stm32f10x_tim.o
    0x08006134   0x08006134   0x00000068   Code   RO         4986    i.TIM_OC4Init       stm32f10x_tim.o
    0x0800619c   0x0800619c   0x00000014   Code   RO         4989    i.TIM_OCStructInit  stm32f10x_tim.o
    0x080061b0   0x080061b0   0x00000004   Code   RO         5003    i.TIM_SetCompare1   stm32f10x_tim.o
    0x080061b4   0x080061b4   0x00000004   Code   RO         5004    i.TIM_SetCompare2   stm32f10x_tim.o
    0x080061b8   0x080061b8   0x00000004   Code   RO         5005    i.TIM_SetCompare3   stm32f10x_tim.o
    0x080061bc   0x080061bc   0x00000006   Code   RO         5006    i.TIM_SetCompare4   stm32f10x_tim.o
    0x080061c2   0x080061c2   0x00000004   Code   RO         5007    i.TIM_SetCounter    stm32f10x_tim.o
    0x080061c6   0x080061c6   0x00000010   Code   RO         5008    i.TIM_SetIC1Prescaler  stm32f10x_tim.o
    0x080061d6   0x080061d6   0x00000018   Code   RO         5009    i.TIM_SetIC2Prescaler  stm32f10x_tim.o
    0x080061ee   0x080061ee   0x00000010   Code   RO         5010    i.TIM_SetIC3Prescaler  stm32f10x_tim.o
    0x080061fe   0x080061fe   0x00000018   Code   RO         5011    i.TIM_SetIC4Prescaler  stm32f10x_tim.o
    0x08006216   0x08006216   0x00000002   PAD
    0x08006218   0x08006218   0x0000009c   Code   RO         5013    i.TIM_TimeBaseInit  stm32f10x_tim.o
    0x080062b4   0x080062b4   0x00000012   Code   RO         5014    i.TIM_TimeBaseStructInit  stm32f10x_tim.o
    0x080062c6   0x080062c6   0x00000002   PAD
    0x080062c8   0x080062c8   0x0000005c   Code   RO         1706    i.USART1_DMA_Init   bsp_usart.o
    0x08006324   0x08006324   0x00000028   Code   RO         1707    i.USART1_IRQHandler  bsp_usart.o
    0x0800634c   0x0800634c   0x000000b4   Code   RO         1708    i.USART1_Init       bsp_usart.o
    0x08006400   0x08006400   0x00000050   Code   RO         1709    i.USART1_Send_ArrayU8  bsp_usart.o
    0x08006450   0x08006450   0x00000024   Code   RO         1712    i.USART2_IRQHandler  bsp_usart.o
    0x08006474   0x08006474   0x000000ac   Code   RO         1713    i.USART2_Init       bsp_usart.o
    0x08006520   0x08006520   0x00000028   Code   RO         1716    i.USART3_IRQHandler  bsp_usart.o
    0x08006548   0x08006548   0x000000b4   Code   RO         1717    i.USART3_Init       bsp_usart.o
    0x080065fc   0x080065fc   0x00000018   Code   RO         1718    i.USART3_Send_ArrayU8  bsp_usart.o
    0x08006614   0x08006614   0x00000024   Code   RO         1719    i.USART3_Send_U8    bsp_usart.o
    0x08006638   0x08006638   0x00000008   Code   RO         5474    i.USART_ClearFlag   stm32f10x_usart.o
    0x08006640   0x08006640   0x00000018   Code   RO         5478    i.USART_Cmd         stm32f10x_usart.o
    0x08006658   0x08006658   0x00000014   Code   RO         5479    i.USART_DMACmd      stm32f10x_usart.o
    0x0800666c   0x0800666c   0x0000000e   Code   RO         5481    i.USART_GetFlagStatus  stm32f10x_usart.o
    0x0800667a   0x0800667a   0x00000040   Code   RO         5482    i.USART_GetITStatus  stm32f10x_usart.o
    0x080066ba   0x080066ba   0x00000036   Code   RO         5484    i.USART_ITConfig    stm32f10x_usart.o
    0x080066f0   0x080066f0   0x000000bc   Code   RO         5485    i.USART_Init        stm32f10x_usart.o
    0x080067ac   0x080067ac   0x00000008   Code   RO         5492    i.USART_ReceiveData  stm32f10x_usart.o
    0x080067b4   0x080067b4   0x00000008   Code   RO         5495    i.USART_SendData    stm32f10x_usart.o
    0x080067bc   0x080067bc   0x00000018   Code   RO         2385    i.USB_LP_CAN1_RX0_IRQHandler  bsp_can.o
    0x080067d4   0x080067d4   0x00000020   Code   RO          485    i.UartServo_Clear_Arm_Read_Vlaue  app_uart_servo.o
    0x080067f4   0x080067f4   0x00000020   Code   RO          486    i.UartServo_Clear_Flag  app_uart_servo.o
    0x08006814   0x08006814   0x00000080   Code   RO          487    i.UartServo_Ctrl    app_uart_servo.o
    0x08006894   0x08006894   0x00000042   Code   RO          488    i.UartServo_Get_Angle  app_uart_servo.o
    0x080068d6   0x080068d6   0x00000002   PAD
    0x080068d8   0x080068d8   0x00000014   Code   RO          489    i.UartServo_Get_Flag  app_uart_servo.o
    0x080068ec   0x080068ec   0x00000038   Code   RO          490    i.UartServo_Get_Median_Offset  app_uart_servo.o
    0x08006924   0x08006924   0x0000000c   Code   RO          491    i.UartServo_Get_Read_State  app_uart_servo.o
    0x08006930   0x08006930   0x00000050   Code   RO          494    i.UartServo_Revice  app_uart_servo.o
    0x08006980   0x08006980   0x0000007c   Code   RO          495    i.UartServo_Rx_Parse  app_uart_servo.o
    0x080069fc   0x080069fc   0x0000005c   Code   RO          496    i.UartServo_Send_ARM_Angle  app_uart_servo.o
    0x08006a58   0x08006a58   0x000000d0   Code   RO          497    i.UartServo_Send_ARM_Angle_Array  app_uart_servo.o
    0x08006b28   0x08006b28   0x00000050   Code   RO          498    i.UartServo_Send_Offset_State  app_uart_servo.o
    0x08006b78   0x08006b78   0x00000048   Code   RO          499    i.UartServo_Set_ID  app_uart_servo.o
    0x08006bc0   0x08006bc0   0x00000010   Code   RO          500    i.UartServo_Set_Median_Value  app_uart_servo.o
    0x08006bd0   0x08006bd0   0x0000000c   Code   RO          501    i.UartServo_Set_Read_State  app_uart_servo.o
    0x08006bdc   0x08006bdc   0x00000078   Code   RO          502    i.UartServo_Set_Snyc_Buffer  app_uart_servo.o
    0x08006c54   0x08006c54   0x0000004a   Code   RO          503    i.UartServo_Set_Torque  app_uart_servo.o
    0x08006c9e   0x08006c9e   0x00000002   PAD
    0x08006ca0   0x08006ca0   0x00000170   Code   RO          504    i.UartServo_Sync_Write  app_uart_servo.o
    0x08006e10   0x08006e10   0x0000000c   Code   RO          505    i.UartServo_Test_Read_State  app_uart_servo.o
    0x08006e1c   0x08006e1c   0x0000008c   Code   RO          506    i.UartServo_Verify_Offset  app_uart_servo.o
    0x08006ea8   0x08006ea8   0x00000308   Code   RO          231    i.Upper_CAN_Execute_Command  protocol.o
    0x080071b0   0x080071b0   0x0000043a   Code   RO          232    i.Upper_Data_Parse  protocol.o
    0x080075ea   0x080075ea   0x00000002   PAD
    0x080075ec   0x080075ec   0x00000080   Code   RO          233    i.Upper_Data_Receive  protocol.o
    0x0800766c   0x0800766c   0x00000020   Code   RO         7224    i.__0printf         mc_w.l(printfa.o)
    0x0800768c   0x0800768c   0x00000028   Code   RO         7226    i.__0sprintf        mc_w.l(printfa.o)
    0x080076b4   0x080076b4   0x00000028   Code   RO         7318    i.__ARM_fpclassify  m_ws.l(fpclassify.o)
    0x080076dc   0x080076dc   0x00000026   Code   RO         7320    i.__ARM_fpclassifyf  m_ws.l(fpclassifyf.o)
    0x08007702   0x08007702   0x00000002   PAD
    0x08007704   0x08007704   0x00000388   Code   RO         7339    i.__ieee754_rem_pio2  m_ws.l(rred.o)
    0x08007a8c   0x08007a8c   0x000000aa   Code   RO         7336    i.__kernel_poly     m_ws.l(poly.o)
    0x08007b36   0x08007b36   0x00000002   PAD
    0x08007b38   0x08007b38   0x0000027c   Code   RO         7352    i.__kernel_tan      m_ws.l(tan_i.o)
    0x08007db4   0x08007db4   0x00000006   Code   RO         7305    i.__mathlib_dbl_infnan  m_ws.l(dunder.o)
    0x08007dba   0x08007dba   0x00000004   Code   RO         7306    i.__mathlib_dbl_infnan2  m_ws.l(dunder.o)
    0x08007dbe   0x08007dbe   0x0000000c   Code   RO         7307    i.__mathlib_dbl_invalid  m_ws.l(dunder.o)
    0x08007dca   0x08007dca   0x00000002   PAD
    0x08007dcc   0x08007dcc   0x00000010   Code   RO         7310    i.__mathlib_dbl_underflow  m_ws.l(dunder.o)
    0x08007ddc   0x08007ddc   0x00000006   Code   RO         7323    i.__mathlib_flt_infnan  m_ws.l(funder.o)
    0x08007de2   0x08007de2   0x0000000a   Code   RO         7328    i.__mathlib_flt_underflow  m_ws.l(funder.o)
    0x08007dec   0x08007dec   0x0000000e   Code   RO         7403    i.__scatterload_copy  mc_w.l(handlers.o)
    0x08007dfa   0x08007dfa   0x00000002   Code   RO         7404    i.__scatterload_null  mc_w.l(handlers.o)
    0x08007dfc   0x08007dfc   0x0000000e   Code   RO         7405    i.__scatterload_zeroinit  mc_w.l(handlers.o)
    0x08007e0a   0x08007e0a   0x00000002   PAD
    0x08007e0c   0x08007e0c   0x0000000c   Code   RO         7385    i.__set_errno       mc_w.l(errno.o)
    0x08007e18   0x08007e18   0x00000184   Code   RO         7231    i._fp_digits        mc_w.l(printfa.o)
    0x08007f9c   0x08007f9c   0x000006dc   Code   RO         7232    i._printf_core      mc_w.l(printfa.o)
    0x08008678   0x08008678   0x00000024   Code   RO         7233    i._printf_post_padding  mc_w.l(printfa.o)
    0x0800869c   0x0800869c   0x0000002e   Code   RO         7234    i._printf_pre_padding  mc_w.l(printfa.o)
    0x080086ca   0x080086ca   0x0000000a   Code   RO         7236    i._sputc            mc_w.l(printfa.o)
    0x080086d4   0x080086d4   0x00000098   Code   RO         1178    i.app_rbg_gradient  app_rgb.o
    0x0800876c   0x0800876c   0x000000ac   Code   RO         1179    i.app_rgb_battery   app_rgb.o
    0x08008818   0x08008818   0x0000011c   Code   RO         1180    i.app_rgb_breathing  app_rgb.o
    0x08008934   0x08008934   0x00000090   Code   RO         1181    i.app_rgb_effects_handle  app_rgb.o
    0x080089c4   0x080089c4   0x0000000c   Code   RO         1182    i.app_rgb_get_effect  app_rgb.o
    0x080089d0   0x080089d0   0x00000024   Code   RO         1184    i.app_rgb_init      app_rgb.o
    0x080089f4   0x080089f4   0x0000007c   Code   RO         1185    i.app_rgb_marquee   app_rgb.o
    0x08008a70   0x08008a70   0x00000010   Code   RO         1186    i.app_rgb_set_breathing_color  app_rgb.o
    0x08008a80   0x08008a80   0x00000018   Code   RO         1187    i.app_rgb_set_effect  app_rgb.o
    0x08008a98   0x08008a98   0x000000c8   Code   RO         1188    i.app_rgb_starbright  app_rgb.o
    0x08008b60   0x08008b60   0x000000e4   Code   RO         1189    i.app_rgb_waterfall  app_rgb.o
    0x08008c44   0x08008c44   0x00000220   Code   RO         7295    i.atan              m_ws.l(atan.o)
    0x08008e64   0x08008e64   0x00000180   Code   RO         6952    i.atan2             m_ws.l(atan2.o)
    0x08008fe4   0x08008fe4   0x0000017c   Code   RO         6960    i.atanf             m_ws.l(atanf.o)
    0x08009160   0x08009160   0x0000001c   Code   RO         1415    i.delay_init        bsp.o
    0x0800917c   0x0800917c   0x00000028   Code   RO         1416    i.delay_ms          bsp.o
    0x080091a4   0x080091a4   0x00000024   Code   RO         1721    i.fputc             bsp_usart.o
    0x080091c8   0x080091c8   0x00000474   Code   RO         1370    i.get_attitude_angle  app_angle.o
    0x0800963c   0x0800963c   0x0000005e   Code   RO         1851    i.i2cWrite          bsp_io_i2c.o
    0x0800969a   0x0800969a   0x00000002   PAD
    0x0800969c   0x0800969c   0x000000bc   Code   RO         1852    i.i2c_scanf_addr    bsp_io_i2c.o
    0x08009758   0x08009758   0x0000003c   Code   RO          104    i.main              main.o
    0x08009794   0x08009794   0x00000070   Code   RO         6056    i.prvAddCurrentTaskToDelayedList  tasks.o
    0x08009804   0x08009804   0x00000088   Code   RO         6057    i.prvAddNewTaskToReadyList  tasks.o
    0x0800988c   0x0800988c   0x0000003c   Code   RO         6058    i.prvCheckTasksWaitingTermination  tasks.o
    0x080098c8   0x080098c8   0x00000014   Code   RO         6059    i.prvDeleteTCB      tasks.o
    0x080098dc   0x080098dc   0x00000028   Code   RO         5751    i.prvHeapInit       heap_2.o
    0x08009904   0x08009904   0x00000028   Code   RO         6060    i.prvIdleTask       tasks.o
    0x0800992c   0x0800992c   0x0000007a   Code   RO         6061    i.prvInitialiseNewTask  tasks.o
    0x080099a6   0x080099a6   0x00000002   PAD
    0x080099a8   0x080099a8   0x00000058   Code   RO         6062    i.prvInitialiseTaskLists  tasks.o
    0x08009a00   0x08009a00   0x00000020   Code   RO         6063    i.prvResetNextTaskUnblockTime  tasks.o
    0x08009a20   0x08009a20   0x00000010   Code   RO         5835    i.prvTaskExitError  port.o
    0x08009a30   0x08009a30   0x000000a8   Code   RO         5752    i.pvPortMalloc      heap_2.o
    0x08009ad8   0x08009ad8   0x0000001c   Code   RO         5836    i.pxPortInitialiseStack  port.o
    0x08009af4   0x08009af4   0x00000038   Code   RO         1371    i.q_rsqrt           app_angle.o
    0x08009b2c   0x08009b2c   0x00000038   Code   RO         1190    i.rgb_remix         app_rgb.o
    0x08009b64   0x08009b64   0x00000042   Code   RO         1191    i.rgb_remix_u8      app_rgb.o
    0x08009ba6   0x08009ba6   0x0000000c   Code   RO         2182    i.ssd1306_I2C_Write  bsp_ssd1306.o
    0x08009bb2   0x08009bb2   0x0000000e   Code   RO         2183    i.ssd1306_I2C_WriteMulti  bsp_ssd1306.o
    0x08009bc0   0x08009bc0   0x00000064   Code   RO         6968    i.tan               m_ws.l(tan.o)
    0x08009c24   0x08009c24   0x00000026   Code   RO         5798    i.uxListRemove      list.o
    0x08009c4a   0x08009c4a   0x00000016   Code   RO         5799    i.vListInitialise   list.o
    0x08009c60   0x08009c60   0x00000006   Code   RO         5800    i.vListInitialiseItem  list.o
    0x08009c66   0x08009c66   0x00000030   Code   RO         5801    i.vListInsert       list.o
    0x08009c96   0x08009c96   0x00000018   Code   RO         5802    i.vListInsertEnd    list.o
    0x08009cae   0x08009cae   0x00000002   PAD
    0x08009cb0   0x08009cb0   0x0000001c   Code   RO         5838    i.vPortEnterCritical  port.o
    0x08009ccc   0x08009ccc   0x00000018   Code   RO         5839    i.vPortExitCritical  port.o
    0x08009ce4   0x08009ce4   0x00000040   Code   RO         5753    i.vPortFree         heap_2.o
    0x08009d24   0x08009d24   0x00000018   Code   RO         5840    i.vPortSetupTimerInterrupt  port.o
    0x08009d3c   0x08009d3c   0x00000034   Code   RO         6071    i.vTaskDelay        tasks.o
    0x08009d70   0x08009d70   0x00000050   Code   RO         6083    i.vTaskStartScheduler  tasks.o
    0x08009dc0   0x08009dc0   0x00000010   Code   RO         6085    i.vTaskSuspendAll   tasks.o
    0x08009dd0   0x08009dd0   0x00000048   Code   RO         6086    i.vTaskSwitchContext  tasks.o
    0x08009e18   0x08009e18   0x00000030   Code   RO          335    i.vTask_App_Handle  app.o
    0x08009e48   0x08009e48   0x00000068   Code   RO          336    i.vTask_Auto_Report  app.o
    0x08009eb0   0x08009eb0   0x0000003a   Code   RO          337    i.vTask_Control     app.o
    0x08009eea   0x08009eea   0x00000002   PAD
    0x08009eec   0x08009eec   0x00000098   Code   RO          338    i.vTask_Key         app.o
    0x08009f84   0x08009f84   0x0000002a   Code   RO          339    i.vTask_MPU         app.o
    0x08009fae   0x08009fae   0x00000002   PAD
    0x08009fb0   0x08009fb0   0x000000fc   Code   RO          340    i.vTask_OLED        app.o
    0x0800a0ac   0x0800a0ac   0x0000001a   Code   RO          341    i.vTask_Speed       app.o
    0x0800a0c6   0x0800a0c6   0x00000002   PAD
    0x0800a0c8   0x0800a0c8   0x00000030   Code   RO         5841    i.xPortStartScheduler  port.o
    0x0800a0f8   0x0800a0f8   0x0000002c   Code   RO         5842    i.xPortSysTickHandler  port.o
    0x0800a124   0x0800a124   0x00000060   Code   RO         6089    i.xTaskCreate       tasks.o
    0x0800a184   0x0800a184   0x0000005c   Code   RO         6090    i.xTaskDelayUntil   tasks.o
    0x0800a1e0   0x0800a1e0   0x0000000c   Code   RO         6095    i.xTaskGetTickCount  tasks.o
    0x0800a1ec   0x0800a1ec   0x000000b8   Code   RO         6097    i.xTaskIncrementTick  tasks.o
    0x0800a2a4   0x0800a2a4   0x000000b4   Code   RO         6099    i.xTaskResumeAll    tasks.o
    0x0800a358   0x0800a358   0x0000001e   Data   RO         1007    .constdata          app_flash.o
    0x0800a376   0x0800a376   0x00000002   PAD
    0x0800a378   0x0800a378   0x00000004   Data   RO         1322    .constdata          app_math.o
    0x0800a37c   0x0800a37c   0x00000004   Data   RO         1323    .constdata          app_math.o
    0x0800a380   0x0800a380   0x00000060   Data   RO         1965    .constdata          bsp_motor.o
    0x0800a3e0   0x0800a3e0   0x0000076c   Data   RO         2148    .constdata          oled_fonts.o
    0x0800ab4c   0x0800ab4c   0x00000004   PAD
    0x0800ab50   0x0800ab50   0x00000098   Data   RO         7296    .constdata          m_ws.l(atan.o)
    0x0800abe8   0x0800abe8   0x00000008   Data   RO         7338    .constdata          m_ws.l(qnan.o)
    0x0800abf0   0x0800abf0   0x000000c8   Data   RO         7341    .constdata          m_ws.l(rred.o)
    0x0800acb8   0x0800acb8   0x00000060   Data   RO         7353    .constdata          m_ws.l(tan_i.o)
    0x0800ad18   0x0800ad18   0x00000020   Data   RO         7401    Region$$Table       anon$$obj.o


    Execution Region RW_IRAM1 (Exec base: 0x20000000, Load base: 0x0800ad38, Size: 0x00005970, Max: 0x0000c000, ABSOLUTE, COMPRESSED[0x00000060])

    Exec Addr    Load Addr    Size         Type   Attr      Idx    E Section Name        Object

    0x20000000   COMPRESSED   0x0000000a   Data   RW          235    .data               protocol.o
    0x2000000a   COMPRESSED   0x00000002   PAD
    0x2000000c   COMPRESSED   0x0000000c   Data   RW          343    .data               app.o
    0x20000018   COMPRESSED   0x00000026   Data   RW          508    .data               app_uart_servo.o
    0x2000003e   COMPRESSED   0x00000002   PAD
    0x20000040   COMPRESSED   0x00000010   Data   RW          722    .data               app_bat.o
    0x20000050   COMPRESSED   0x0000000a   Data   RW          771    .data               app_motion.o
    0x2000005a   COMPRESSED   0x00000002   PAD
    0x2000005c   COMPRESSED   0x0000001c   Data   RW          894    .data               app_pid.o
    0x20000078   COMPRESSED   0x00000010   Data   RW         1127    .data               app_sbus.o
    0x20000088   COMPRESSED   0x00000024   Data   RW         1154    .data               app_mecanum.o
    0x200000ac   COMPRESSED   0x00000018   Data   RW         1194    .data               app_rgb.o
    0x200000c4   COMPRESSED   0x0000001c   Data   RW         1275    .data               app_ackerman.o
    0x200000e0   COMPRESSED   0x00000018   Data   RW         1352    .data               app_fourwheel.o
    0x200000f8   COMPRESSED   0x00000024   Data   RW         1377    .data               app_angle.o
    0x2000011c   COMPRESSED   0x00000006   Data   RW         1418    .data               bsp.o
    0x20000122   COMPRESSED   0x00000004   Data   RW         1577    .data               bsp_beep.o
    0x20000126   COMPRESSED   0x00000001   Data   RW         1966    .data               bsp_motor.o
    0x20000127   COMPRESSED   0x00000001   PAD
    0x20000128   COMPRESSED   0x00000004   Data   RW         2009    .data               bsp_key.o
    0x2000012c   COMPRESSED   0x00000010   Data   RW         2052    .data               bsp_encoder.o
    0x2000013c   COMPRESSED   0x0000000e   Data   RW         2114    .data               bsp_pwmservo.o
    0x2000014a   COMPRESSED   0x00000002   PAD
    0x2000014c   COMPRESSED   0x00000008   Data   RW         2151    .data               oled_fonts.o
    0x20000154   COMPRESSED   0x00000006   Data   RW         2185    .data               bsp_ssd1306.o
    0x2000015a   COMPRESSED   0x0000000a   Data   RW         2386    .data               bsp_can.o
    0x20000164   COMPRESSED   0x00000014   Data   RW         2522    .data               bsp_mpu9250.o
    0x20000178   COMPRESSED   0x00000014   Data   RW         4332    .data               stm32f10x_rcc.o
    0x2000018c   COMPRESSED   0x00000018   Data   RW         5757    .data               heap_2.o
    0x200001a4   COMPRESSED   0x00000004   Data   RW         5843    .data               port.o
    0x200001a8   COMPRESSED   0x00000040   Data   RW         6102    .data               tasks.o
    0x200001e8   COMPRESSED   0x00000004   Data   RW         6981    .data               mc_w.l(rand.o)
    0x200001ec   COMPRESSED   0x00000004   Data   RW         7372    .data               mc_w.l(stdout.o)
    0x200001f0   COMPRESSED   0x00000004   Data   RW         7386    .data               mc_w.l(errno.o)
    0x200001f4        -       0x00000014   Zero   RW          234    .bss                protocol.o
    0x20000208        -       0x0000000c   Zero   RW          507    .bss                app_uart_servo.o
    0x20000214        -       0x00000058   Zero   RW          770    .bss                app_motion.o
    0x2000026c        -       0x000000a0   Zero   RW          893    .bss                app_pid.o
    0x2000030c        -       0x00000056   Zero   RW         1125    .bss                app_sbus.o
    0x20000362   COMPRESSED   0x00000002   PAD
    0x20000364        -       0x0000007f   Zero   RW         1192    .bss                app_rgb.o
    0x200003e3   COMPRESSED   0x00000001   PAD
    0x200003e4        -       0x0000000c   Zero   RW         1373    .bss                app_angle.o
    0x200003f0        -       0x0000000c   Zero   RW         1374    .bss                app_angle.o
    0x200003fc        -       0x00000018   Zero   RW         1375    .bss                app_angle.o
    0x20000414        -       0x00000800   Zero   RW         1627    .bss                bsp_flash.o
    0x20000c14        -       0x00000064   Zero   RW         1722    .bss                bsp_usart.o
    0x20000c78        -       0x00000080   Zero   RW         1853    .bss                bsp_io_i2c.o
    0x20000cf8        -       0x00000200   Zero   RW         2184    .bss                bsp_ssd1306.o
    0x20000ef8        -       0x0000018a   Zero   RW         2454    .bss                bsp_rgb.o
    0x20001082   COMPRESSED   0x00000002   PAD
    0x20001084        -       0x00000020   Zero   RW         2521    .bss                bsp_mpu9250.o
    0x200010a4        -       0x00004400   Zero   RW         5756    .bss                heap_2.o
    0x200054a4        -       0x000000c8   Zero   RW         6101    .bss                tasks.o
    0x2000556c   COMPRESSED   0x00000004   PAD
    0x20005570        -       0x00000400   Zero   RW            1    STACK               startup_stm32f10x_hd.o


==============================================================================

Image component sizes


      Code (inc. data)   RO Data    RW Data    ZI Data      Debug   Object Name

      1354        358          0         12          0      15048   app.o
       738         66          0         28          0       4846   app_ackerman.o
      1196         18          0         36         48       3100   app_angle.o
       172         36          0         16          0       2192   app_bat.o
      1574        314         30          0          0      12800   app_flash.o
       356         22          0         24          0       2099   app_fourwheel.o
        16          0          8          0          0        787   app_math.o
       540         32          0         36          0       2295   app_mecanum.o
      1396        146          0         10         88      10976   app_motion.o
      1096        402          0          0          0       6770   app_oled.o
       716         80          0         28        160       5671   app_pid.o
      1514        102          0         24        127      10442   app_rgb.o
       716         32          0         16         86       3176   app_sbus.o
      1744         80          0         38         12      14729   app_uart_servo.o
       750        172          0          6          0      24078   bsp.o
       292         24          0          0          0       2735   bsp_adc.o
       252         42          0          4          0       3346   bsp_beep.o
       682         46          0         10          0       6496   bsp_can.o
      1230         70          0         16          0       5495   bsp_encoder.o
       506         34          0          0       2048       6117   bsp_flash.o
       698        156          0          0        128       5058   bsp_io_i2c.o
       168         16          0          4          0       2227   bsp_key.o
       636         46         96          1          0       3279   bsp_motor.o
      1196        164          0         20         32      10169   bsp_mpu9250.o
       860         68          0          0          0       6866   bsp_mpuiic.o
       460         28          0         14          0       2874   bsp_pwmservo.o
       504         50          0          0        394       5006   bsp_rgb.o
       730         32          0          6        512       5949   bsp_ssd1306.o
       132         12          0          0          0        970   bsp_timer.o
       916         82          0          0        100       6900   bsp_usart.o
         0          0          0          0          0       4556   core_cm3.o
       272         22          0         24      17408       3319   heap_2.o
       138          0          0          0          0       2918   list.o
        60         24          0          0          0     224215   main.o
       148         14          0          0          0       1865   misc.o
         0          0       1900          8          0       1083   oled_fonts.o
       362         46          0          4          0       8176   port.o
      2442         90          0         10         20      15731   protocol.o
        36          8        304          0       1024        784   startup_stm32f10x_hd.o
       404         22          0          0          0       8246   stm32f10x_adc.o
      1056         34          0          0          0       6620   stm32f10x_can.o
       402         28          0          0          0       5444   stm32f10x_dma.o
       280          6          0          0          0       4194   stm32f10x_gpio.o
       332         54          0         20          0       6355   stm32f10x_rcc.o
       124          0          0          0          0       3021   stm32f10x_spi.o
      2130        260          0          0          0      19290   stm32f10x_tim.o
       388          6          0          0          0       7018   stm32f10x_usart.o
       260         26          0          0          0      61581   system_stm32f10x.o
      1394        120          0         64        200      25213   tasks.o

    ----------------------------------------------------------------------
     33434       3490       2376        488      22396     602125   Object Totals
         0          0         32          0          0          0   (incl. Generated)
        66          0          6          9          9          0   (incl. Padding)

    ----------------------------------------------------------------------

      Code (inc. data)   RO Data    RW Data    ZI Data      Debug   Library Member Name

       544         70        152          0          0        124   atan.o
       384         38          0          0          0        144   atan2.o
       380         56          0          0          0        108   atanf.o
        38          6          0          0          0        272   dunder.o
        40          0          0          0          0         68   fpclassify.o
        38          0          0          0          0         68   fpclassifyf.o
        16          0          0          0          0        136   funder.o
       170          0          0          0          0         96   poly.o
         0          0          8          0          0          0   qnan.o
       904         76        200          0          0        140   rred.o
       100         10          0          0          0         96   tan.o
       636         50         96          0          0        168   tan_i.o
        86          0          0          0          0          0   __dczerorl2.o
         0          0          0          0          0          0   entry.o
         0          0          0          0          0          0   entry10a.o
         0          0          0          0          0          0   entry11a.o
         8          4          0          0          0          0   entry2.o
         4          0          0          0          0          0   entry5.o
         0          0          0          0          0          0   entry7b.o
         0          0          0          0          0          0   entry8b.o
         8          4          0          0          0          0   entry9a.o
        12          6          0          4          0         68   errno.o
        30          0          0          0          0          0   handlers.o
        36          8          0          0          0         68   init.o
         0          0          0          0          0          0   iusefp.o
        30          0          0          0          0         68   llshl.o
        36          0          0          0          0         68   llsshr.o
        32          0          0          0          0         68   llushr.o
        36          0          0          0          0         68   memcpya.o
        36          0          0          0          0        108   memseta.o
      2308         96          0          0          0        604   printfa.o
        36         10          0          4          0        136   rand.o
         0          0          0          4          0          0   stdout.o
        44          0          0          0          0         80   uidiv.o
        98          0          0          0          0         92   uldiv.o
        48          0          0          0          0         68   cdrcmple.o
        56          0          0          0          0         88   d2f.o
       334          0          0          0          0        148   dadd.o
       222          0          0          0          0        100   ddiv.o
       186          0          0          0          0        176   depilogue.o
        62          0          0          0          0         80   dfixi.o
        48          0          0          0          0         68   dfixul.o
        34          0          0          0          0         76   dflti.o
        26          0          0          0          0         76   dfltui.o
       228          0          0          0          0         96   dmul.o
        46          0          0          0          0         80   dscalb.o
        38          0          0          0          0         68   f2d.o
       176          0          0          0          0        140   fadd.o
       124          0          0          0          0         88   fdiv.o
       110          0          0          0          0        168   fepilogue.o
        50          0          0          0          0         68   ffixi.o
        40          0          0          0          0         68   ffixui.o
        18          0          0          0          0         68   fflti.o
        10          0          0          0          0         68   ffltui.o
       100          0          0          0          0         76   fmul.o
        24          0          0          0          0         68   fscalb.o

    ----------------------------------------------------------------------
      8078        434        456         12          0       4784   Library Totals
         8          0          0          0          0          0   (incl. Padding)

    ----------------------------------------------------------------------

      Code (inc. data)   RO Data    RW Data    ZI Data      Debug   Library Name

      3250        306        456          0          0       1420   m_ws.l
      2840        128          0         12          0       1428   mc_w.l
      1980          0          0          0          0       1936   mf_w.l

    ----------------------------------------------------------------------
      8078        434        456         12          0       4784   Library Totals

    ----------------------------------------------------------------------

==============================================================================


      Code (inc. data)   RO Data    RW Data    ZI Data      Debug   

     41512       3924       2832        500      22396     584053   Grand Totals
     41512       3924       2832         96      22396     584053   ELF Image Totals (compressed)
     41512       3924       2832         96          0          0   ROM Totals

==============================================================================

    Total RO  Size (Code + RO Data)                44344 (  43.30kB)
    Total RW  Size (RW Data + ZI Data)             22896 (  22.36kB)
    Total ROM Size (Code + RO Data + RW Data)      44440 (  43.40kB)

==============================================================================

